BdsDxe: failed to load Boot0001 "UEFI Non-Block Boot Device" from PciRoot(0x0)/Pci(0x2,0x0): Not Found
BdsDxe: loading Boot0002 "UEFI QEMU HARDDISK QM00001 " from PciRoot(0x0)/Pci(0x1F,0x2)/Sata(0x0,0xFFFF,0x0)
BdsDxe: starting Boot0002 "UEFI QEMU HARDDISK QM00001 " from PciRoot(0x0)/Pci(0x1F,0x2)/Sata(0x0,0xFFFF,0x0)
spaceboot 0.1.0: Space OS UEFI bootloader
spaceboot: kernel 434952 bytes, initrd 4300800 bytes, config 91 bytes
spaceboot: kernel 3 segments, 424 KiB at phys 0x7d4bd000, entry 0xffffffff8011d33c
spaceboot: boot image 4300800 bytes, sha256 4a2e635642536acd3777e3f4518d80b385cd71f26826a833a1b4de74e59ffb8c
spaceboot: entropy: 32 bytes from the firmware's RNG protocol
spaceboot: linear map 8196 MiB of RAM below 0x280000000 at 0xffff800000000000 (device MMIO excluded), framebuffer 1280x800 @ 0x80000000
spaceboot: exiting boot services and jumping to kernel

spacekernel 0.1.0: Space OS kernel booting
[status] kernel alive
[kernel] gdt/tss loaded (IST stacks: double fault, NMI, debug, machine check)
[kernel] idt loaded (256 vectors)
[kernel] fpu: x87 and SSE per thread through FXSAVE, 512 bytes
[kernel] cpu: RDRAND absent
[kernel] boot info v3 accepted: 720 bytes, 39 memory regions, 7 reservations, initrd 4300800 bytes, cmdline 32 bytes, rsdp 0x7f77e014
[kernel]   reserved 0x7d4bd000..0x7d527000 (424 KiB): kernel image
[kernel]   reserved 0x7d0a3000..0x7d4bd000 (4200 KiB): boot image
[kernel]   reserved 0x7e746000..0x7e747000 (4 KiB): command line
[kernel]   reserved 0x7d093000..0x7d0a3000 (64 KiB): boot stack
[kernel]   reserved 0x7e745000..0x7e746000 (4 KiB): boot info
[kernel]   reserved 0x7d083000..0x7d093000 (64 KiB): memory map
[kernel]   reserved 0x7d05d000..0x7d075000 (96 KiB): page tables
[kernel] boot image: sha256 4a2e635642536acd3777e3f4518d80b385cd71f26826a833a1b4de74e59ffb8c as the bootloader measured it
[kernel] boot slot: normal; boots are not counted
[kernel] boot entropy: 32 bytes from the firmware's RNG protocol, mixed in and never counted as a source
[kernel] frames: 2094239 usable (8180 MiB), bitmap 320 KiB at 0x100000; reserved 12547 MiB, kernel 4 MiB, acpi 2 MiB, mmio 4 MiB
[kernel] paging: kernel PML4 at 0x6000; linear map 10 GiB at 0xffff800000000000; boot identity map dropped
[kernel] heap: 16 MiB at 0xffff900000000000
[kernel] kernel stacks: 4096 slots of 64 KiB (32 KiB mapped) at 0xffffa00000000000
[kernel] mmio window: 1024 MiB at 0xffffb00000000000
[kernel] memory: 8180 MiB usable, 8164 MiB free after kernel init
[kernel] boot context moved to a guarded kernel stack (top 0xffffa00000010000)
[kernel] framebuffer: 1280x800 (BGRX), text console 182x50
[kernel] cmdline: "init=bin/spaceterm shutdown=acpi"
[kernel] initrd: 4300800 bytes, 34 files
[kernel]   bin/init (627680 bytes)
[kernel]   bin/hello (21064 bytes)
[kernel]   bin/fault (25168 bytes)
[kernel]   bin/fpu (37520 bytes)
[kernel]   bin/abi_negative (53912 bytes)
[kernel]   bin/ipc_echo (21064 bytes)
[kernel]   bin/quota (25160 bytes)
[kernel]   bin/spin (21064 bytes)
[kernel]   bin/pingpong (21064 bytes)
[kernel]   bin/worker (29296 bytes)
[kernel]   bin/blocker (25176 bytes)
[kernel]   bin/spacecompute (49912 bytes)
[kernel]   bin/spaceai (78640 bytes)
[kernel]   bin/spaceshell (62200 bytes)
[kernel]   bin/uiworker (21064 bytes)
[kernel]   bin/spacebroker (53936 bytes)
[kernel]   bin/spaceagent (45776 bytes)
[kernel]   bin/spacelink (66264 bytes)
[kernel]   bin/spacepkg (49792 bytes)
[kernel]   bin/spaceterm (37560 bytes)
[kernel]   bin/spacenet (119504 bytes)
[kernel]   bin/tlsprobe (1069928 bytes)
[kernel]   bin/spacecloud (1184632 bytes)
[kernel]   bin/churn (25168 bytes)
[kernel]   bin/sched (25160 bytes)
[kernel]   bin/spacetask (70320 bytes)
[kernel]   bin/taskworker (37544 bytes)
[kernel]   bin/spacedesk (115440 bytes)
[kernel]   bin/deskapps (127728 bytes)
[kernel]   bin/spacerecovery (58056 bytes)
[kernel]   fixtures/bad_entry (21064 bytes)
[kernel]   fixtures/bad_magic (21064 bytes)
[kernel]   fixtures/truncated (600 bytes)
[kernel]   fixtures/huge_segment (21064 bytes)
[kernel] pci: 8 functions present
[kernel] virtio-blk: pci 00:02.0 queue size 16 (max 256), 8 data pages/request, writable with flush, status 0xf
[kernel] virtio-blk: ready, 64 MiB (131072 sectors)
[kernel] ahci: 00:1f.2 port 0: "QEMU HARDDISK", 64 MiB, AHCI 1.0
[kernel] block: virtio-blk 00:02.0 (64 MiB) holds the data volume (the whole disk)
[kernel] block: AHCI 00:1f.2 port 0 (64 MiB): MBR with 1 partition(s), none labelled SPACEDATA; not used
[kernel] virtio-net: pci 00:04.0 mac 52:54:00:12:34:56 (from device), 32 receive and 32 transmit buffers, link up, status 0xf
[kernel] virtio-rng: pci 00:03.0 queue size 4, status 0xf
[kernel] entropy: virtio-rng; boot entropy from the firmware mixed in, not counted
[kernel] vfs: FAT32 mounted from virtio-blk 00:02.0 (512 byte clusters, 64 MiB volume)
[kernel] vfs: volume is writable
[kernel] pic remapped to vectors 32..47
[kernel] console input: keyboard (IRQ1) and COM2 serial (IRQ3)
[kernel] pit: 1000 Hz (divisor 1193)
[kernel] syscall/sysret enabled (ABI v0)
[kernel] clock: ACPI PM timer at 3579545 Hz, 24 bits
[kernel] scheduler: 1000 Hz tick, 10 ms quantum, 3 service classes (a class waits at most 100 ms)
[kernel] rtc: 1791301105 s since the Unix epoch (UTC)
[kernel] selftest: heap ok, frames ok, paging ok, address-space ok, input decoding ok
[kernel] power: ACPI S5 through PM1a_CNT 0x604 (SLP_TYP 0)
[kernel] smp: 4 CPUs online (boot CPU local APIC 0; started 1 2 3), xAPIC APIC mode, AP timer 100 Hz (622040 counts)
[kernel] spawn pid 1 'bin/spaceterm': entry=0x4010e8, 25 pages mapped, quota 2048 pages, interactive
[kernel] init spawned as pid 1 from bin/spaceterm
[status] user-space alive: pid 1 (bin/spaceterm) made the first system call
[kernel] entering idle loop; scheduler live
[term] Space OS interactive session
[kernel] spawn pid 2 'bin/spaceshell': entry=0x404254, 31 pages mapped, quota 256 pages, interactive
[shell] Space OS session service, ABI v0
[shell] session open, ABI v0; the session holds 63 pages
[shell] session: worker idle (-), commands served 1
[shell] terminal ready on the console; type 'help'
space> [kernel] spawn pid 3 'bin/uiworker': entry=0x4006e4, 21 pages mapped, quota 128 pages, interactive
[worker] job 'ok' starting
[worker] job 'ok' finished (0x1df75ddf083b5b05)
[kernel] pid 3 'bin/uiworker' exited with code 0
[kernel] spawn pid 4 'bin/uiworker': entry=0x4006e4, 21 pages mapped, quota 128 pages, interactive
[worker] job 'hang' starting
[kernel] pid 4 'bin/uiworker' killed (killed, addr 0x0)
[status] OS usable: read 512 bytes of /spaceos/MODEL.SLM, ran bin/uiworker to its end and stopped another while it ran, in 55 ms
quit
[shell] closing the session
[shell] session closed after 3 commands
[kernel] pid 2 'bin/spaceshell' exited with code 0
[term] session ended: ExitStatus { kind: 0, code: 0, reason: 0, _pad: 0, fault_addr: 0 }
[kernel] shutdown requested by pid 1 'bin/spaceterm' with code 0 (uptime 230 ms, 30 context switches)
[kernel] switching off through ACPI S5
