UEFI firmware (version 2024.02-2ubuntu0.10 built at 15:40:28 on Sep 23 2026)
BdsDxe: loading Boot0001 "UEFI Misc Device" from PciRoot(0x0)/Pci(0x1,0x0)
BdsDxe: starting Boot0001 "UEFI Misc Device" from PciRoot(0x0)/Pci(0x1,0x0)
spaceboot 0.1.0: Space OS UEFI bootloader
spaceboot: kernel 296160 bytes, initrd 3339776 bytes, config 94 bytes
spaceboot: kernel 3 segments, 296 KiB at phys 0x13c387000, entry 0xffffffff8010a320
spaceboot: boot image 3339776 bytes, sha256 a3196be51c61c7482e98e84e5c032c61f05b3d157433181f4515a57c290dc802
spaceboot: entropy: 32 bytes from the firmware's RNG protocol
spaceboot: linear map 4096 MiB of RAM below 0x140000000 at 0xffff800000000000 (device MMIO excluded), framebuffer 0x0 @ 0x0
spaceboot: exiting boot services and jumping to kernel

spacekernel 0.1.0: Space OS kernel booting
[status] kernel alive
[kernel] fpu: V0-V31, FPCR and FPSR per thread, 528 bytes
[kernel] boot info v3 accepted: 720 bytes, 24 memory regions, 7 reservations, initrd 3339776 bytes, cmdline 35 bytes, rsdp 0x13c760018
[kernel]   reserved 0x13c387000..0x13c3d1000 (296 KiB): kernel image
[kernel]   reserved 0x13c057000..0x13c387000 (3264 KiB): boot image
[kernel]   reserved 0x13cb42000..0x13cb43000 (4 KiB): command line
[kernel]   reserved 0x13c047000..0x13c057000 (64 KiB): boot stack
[kernel]   reserved 0x13cb41000..0x13cb42000 (4 KiB): boot info
[kernel]   reserved 0x13c037000..0x13c047000 (64 KiB): memory map
[kernel]   reserved 0x13c01d000..0x13c029000 (48 KiB): page tables
[kernel] boot image: sha256 a3196be51c61c7482e98e84e5c032c61f05b3d157433181f4515a57c290dc802 as the bootloader measured it
[kernel] boot slot: normal; boots are not counted
[kernel] boot entropy: 32 bytes from the firmware's RNG protocol, mixed in and never counted as a source
[kernel] frames: 1046175 usable (4086 MiB), bitmap 160 KiB at 0x40000000; reserved 5 MiB, kernel 3 MiB, acpi 0 MiB, mmio 64 MiB
[kernel] paging: kernel PML4 at 0x40028000; linear map 5 GiB at 0xffff800000000000; boot identity map dropped
[kernel] heap: 16 MiB at 0xffff900000000000
[kernel] kernel stacks: 4096 slots of 64 KiB (32 KiB mapped) at 0xffffa00000000000
[kernel] mmio window: 1024 MiB at 0xffffb00000000000
[kernel] memory: 4086 MiB usable, 4070 MiB free after kernel init
[kernel] pci: ECAM at 0x4010000000, buses 0-15
[kernel] boot context moved to a guarded kernel stack (top 0xffffa00000010000)
[kernel] framebuffer: none usable; serial console only
[kernel] cmdline: "init=bin/spaceterm exit=semihosting"
[kernel] initrd: 3339776 bytes, 32 files
[kernel]   bin/init (434608 bytes)
[kernel]   bin/hello (16736 bytes)
[kernel]   bin/fault (20832 bytes)
[kernel]   bin/fpu (29024 bytes)
[kernel]   bin/abi_negative (41392 bytes)
[kernel]   bin/ipc_echo (16736 bytes)
[kernel]   bin/quota (20832 bytes)
[kernel]   bin/spin (16736 bytes)
[kernel]   bin/pingpong (16736 bytes)
[kernel]   bin/worker (20912 bytes)
[kernel]   bin/blocker (24928 bytes)
[kernel]   bin/spacecompute (37296 bytes)
[kernel]   bin/spaceai (57776 bytes)
[kernel]   bin/spaceshell (53680 bytes)
[kernel]   bin/uiworker (20832 bytes)
[kernel]   bin/spacebroker (41392 bytes)
[kernel]   bin/spaceagent (37296 bytes)
[kernel]   bin/spacelink (53680 bytes)
[kernel]   bin/spacepkg (37296 bytes)
[kernel]   bin/spaceterm (29104 bytes)
[kernel]   bin/spacenet (106928 bytes)
[kernel]   bin/tlsprobe (872880 bytes)
[kernel]   bin/spacecloud (967088 bytes)
[kernel]   bin/churn (20832 bytes)
[kernel]   bin/sched (20832 bytes)
[kernel]   bin/spacedesk (98736 bytes)
[kernel]   bin/deskapps (106928 bytes)
[kernel]   bin/spacerecovery (45488 bytes)
[kernel]   fixtures/bad_entry (16736 bytes)
[kernel]   fixtures/bad_magic (16736 bytes)
[kernel]   fixtures/truncated (600 bytes)
[kernel]   fixtures/huge_segment (16736 bytes)
[kernel] pci: 6 functions present
[kernel] virtio-blk: pci 00:01.0 queue size 16 (max 256), 8 data pages/request, writable with flush, status 0xf
[kernel] virtio-blk: ready, 64 MiB (131072 sectors)
[kernel] virtio-blk: pci 00:02.0 queue size 16 (max 256), 8 data pages/request, writable with flush, status 0xf
[kernel] virtio-blk: ready, 64 MiB (131072 sectors)
[kernel] block: virtio-blk 00:01.0 (64 MiB): MBR with 1 partition(s), none labelled SPACEDATA; not used
[kernel] block: virtio-blk 00:02.0 (64 MiB) holds the data volume (the whole disk)
[kernel] virtio-net: pci 00:04.0 mac 52:54:00:12:34:56 (from device), 32 receive and 32 transmit buffers, link up, status 0xf
[kernel] virtio-rng: pci 00:03.0 queue size 4, status 0xf
[kernel] entropy: virtio-rng; boot entropy from the firmware mixed in, not counted
[kernel] xhci: 00:05.0: xHCI 1.0, 8 ports, 32 slots, 32-byte contexts
[kernel] usb: 00:05.0 port 5 (high speed): keyboard 0627:0001 ready -- boot protocol, interface 0, endpoint 0x81, 8-byte reports every 8000 us
[kernel] xhci: 00:05.0: 1 device(s) on its ports, 1 keyboard(s)
[kernel] vfs: FAT32 mounted from virtio-blk 00:02.0 (512 byte clusters, 64 MiB volume)
[kernel] vfs: volume is writable
[kernel] gic: GICv3 distributor at 0x8000000, 288 interrupt lines, redistributor for affinity 0x0
[kernel] console input: PL011 UART (INTID 33)
[kernel] timer: generic timer at 62500000 Hz, 1000 Hz tick (virtual timer, INTID 27)
[kernel] syscalls: svc from EL0 (ABI v0)
[kernel] clock: generic timer count at 62500000 Hz, 64 bits
[kernel] scheduler: 1000 Hz tick, 10 ms quantum, 3 service classes (a class waits at most 100 ms)
[kernel] rtc: 1791284940 s since the Unix epoch (UTC)
[kernel] selftest: heap ok, frames ok, paging ok, address-space ok, input decoding ok
[kernel] power: PSCI SYSTEM_OFF through HVC
[kernel] smp: 4 CPUs online (boot CPU MPIDR 0x0; started 0x1 0x2 0x3), GICv3, AP timer 100 Hz
[kernel] spawn pid 1 'bin/spaceterm': entry=0x400ffc, 24 pages mapped, quota 2048 pages, interactive
[kernel] init spawned as pid 1 from bin/spaceterm
[kernel] entering idle loop; scheduler live
[status] user-space alive: pid 1 (bin/spaceterm) made the first system call
[term] Space OS interactive session
[kernel] spawn pid 2 'bin/spaceshell': entry=0x403cdc, 30 pages mapped, quota 256 pages, interactive
[shell] Space OS session service, ABI v0
[shell] session open, ABI v0; the session holds 62 pages
[shell] session: worker idle (-), commands served 1
[shell] terminal ready on the console; type 'help'
space> [kernel] spawn pid 3 'bin/uiworker': entry=0x4005b0, 20 pages mapped, quota 128 pages, interactive
[worker] job 'ok' starting
[worker] job 'ok' finished (0x1df75ddf083b5b05)
[kernel] pid 3 'bin/uiworker' exited with code 0
[kernel] spawn pid 4 'bin/uiworker': entry=0x4005b0, 20 pages mapped, quota 128 pages, interactive
[worker] job 'hang' starting
[worker] job 'hang' is wedged and never calls the kernel again
[kernel] pid 4 'bin/uiworker' killed (killed, addr 0x0)
[status] OS usable: read 512 bytes of /spaceos/MODEL.SLM, ran bin/uiworker to its end and stopped another while it ran, in 27 ms
helpp 
[shell] commands: help, status, ls [path], run <infer [model]|ok|crash|hang|slow|oom|hog>, stop, quit
space> status
[shell] worker idle (-), last exit code 0, commands served 4
space> ls /spaceos
[shell] /spaceos: 15 entries
[shell]   .                   0 dir
[shell]   ..                  0 dir
[shell]   MODEL.SLM      460096 
[shell]   MANIFEST.TXT      134 
[shell]   BASELINE.TXT      610 
[shell]   BADMAGIC.SLM   460096 
[shell]   BADDIMS.SLM    460096 
[shell]   TRUNC.SLM      230048 
[shell]   BITFLIP.SLM    460096 
[shell]   VAR                 0 dir
[shell]   WS                  0 dir
[shell]   DOCS                0 dir
[shell]   TLS                 0 dir
[shell]   CRED                0 dir
[shell]   PKG                 0 dir
space> run hang
[kernel] spawn pid 5 'bin/uiworker': entry=0x4005b0, 20 pages mapped, quota 128 pages, background
[shell] started worker 'hang'
[shell] session: worker running (hang), commands served 6
space> [worker] job 'hang' starting
[worker] job 'hang' is wedged and never calls the kernel again
status
[shell] worker running (hang), last exit code 0, commands served 7
space> stop
[kernel] pid 5 'bin/uiworker' killed (killed, addr 0x0)
[shell] worker 'hang' ended: stopped
[shell] session: worker stopped (hang), commands served 8
[shell] Stop: worker 'hang' was killed after 10 ms
space> status
[shell] worker stopped (hang), last exit code -1, commands served 9
space> quit
[shell] closing the session
[shell] session closed after 10 commands
[kernel] pid 2 'bin/spaceshell' exited with code 0
[term] session ended: ExitStatus { kind: 0, code: 0, reason: 0, _pad: 0, fault_addr: 0 }
[kernel] shutdown requested by pid 1 'bin/spaceterm' with code 0 (uptime 5758 ms, 5510 context switches)
