BdsDxe: failed to load Boot0001 "UEFI Non-Block Boot Device" from PciRoot(0x0)/Pci(0x2,0x0): Not Found
BdsDxe: loading Boot0002 "UEFI QEMU HARDDISK QM00001 " from PciRoot(0x0)/Pci(0x1F,0x2)/Sata(0x0,0xFFFF,0x0)
BdsDxe: starting Boot0002 "UEFI QEMU HARDDISK QM00001 " from PciRoot(0x0)/Pci(0x1F,0x2)/Sata(0x0,0xFFFF,0x0)
spaceboot 0.1.0: Space OS UEFI bootloader
spaceboot: kernel 422664 bytes, initrd 4292608 bytes, config 99 bytes
spaceboot: bootinfo_fault=reservation: handing the kernel two reservations over the same pages (a test of the kernel's checks; never on a real boot)
spaceboot: kernel 3 segments, 412 KiB at phys 0x7d4ca000, entry 0xffffffff80100000
spaceboot: boot image 4292608 bytes, sha256 f217fcbabc9a75c0d1bb9eb5215ccd112201bd68757098fea866022a197d7b1d
spaceboot: entropy: 32 bytes from the firmware's RNG protocol
spaceboot: linear map 8196 MiB of RAM below 0x280000000 at 0xffff800000000000 (device MMIO excluded), framebuffer 1280x800 @ 0x80000000
spaceboot: exiting boot services and jumping to kernel

spacekernel 0.1.0: Space OS kernel booting
[status] kernel alive
[kernel] gdt/tss loaded (IST stacks: double fault, NMI, debug, machine check)
[kernel] idt loaded (256 vectors)
[kernel] fpu: x87 and SSE per thread through FXSAVE, 512 bytes
[kernel] cpu: RDRAND absent

!!! KERNEL PANIC !!!
at kernel/src/bootinfo.rs:26:5
message: BootInfo rejected: reservation (entry 1) = 0x7d4ca000: overlaps another reservation
backtrace (frame pointers):
  #00 0xffffffff8013c55c
  #01 0xffffffff8010af37
  #02 0xffffffff8010abe3
  #03 0xffffffff80127b23
  #04 0xffffffff8010000c
spacekernel: halted after panic (uptime 0 ms)
