BdsDxe: loading Boot0001 "UEFI QEMU HARDDISK QM00001 " from PciRoot(0x0)/Pci(0x1F,0x2)/Sata(0x0,0xFFFF,0x0)
BdsDxe: starting Boot0001 "UEFI QEMU HARDDISK QM00001 " from PciRoot(0x0)/Pci(0x1F,0x2)/Sata(0x0,0xFFFF,0x0)
spaceboot 0.1.0: Space OS UEFI bootloader
spaceboot: kernel 377600 bytes, initrd 3991552 bytes, config 59 bytes
spaceboot: kernel 3 segments, 368 KiB at phys 0x7d9c0000, entry 0xffffffff8012456c
spaceboot: linear map 8196 MiB of RAM below 0x280000000 at 0xffff800000000000 (device MMIO excluded), framebuffer 1280x800 @ 0x80000000
spaceboot: exiting boot services and jumping to kernel

spacekernel 0.1.0: Space OS kernel booting
[kernel] boot info ok: 36 memory regions, initrd 3991552 bytes, cmdline 0 bytes, rsdp 0x7f77e014
[kernel] gdt/tss loaded (IST stacks: double fault, NMI, debug, machine check)
[kernel] idt loaded (256 vectors)
[kernel] cpu: x87/SSE/AVX off for user space (no per-thread FPU state); RDRAND absent
[kernel] frames: 2094329 usable (8180 MiB), bitmap 320 KiB at 0x100000; reserved 12547 MiB, kernel 4 MiB, acpi 2 MiB, mmio 4 MiB
[kernel] paging: kernel PML4 at 0x6000; linear map 10 GiB at 0xffff800000000000; boot identity map dropped
[kernel] heap: 16 MiB at 0xffff900000000000
[kernel] kernel stacks: 4096 slots of 64 KiB (32 KiB mapped) at 0xffffa00000000000
[kernel] mmio window: 1024 MiB at 0xffffb00000000000
[kernel] memory: 8180 MiB usable, 8164 MiB free after kernel init
[kernel] boot context moved to a guarded kernel stack (top 0xffffa00000010000)
[kernel] framebuffer: 1280x800 (BGRX), text console 182x50
[kernel] initrd: 3991552 bytes, 30 files
[kernel]   bin/init (504792 bytes)
[kernel]   bin/hello (21064 bytes)
[kernel]   bin/fault (25168 bytes)
[kernel]   bin/abi_negative (53912 bytes)
[kernel]   bin/ipc_echo (21064 bytes)
[kernel]   bin/quota (25160 bytes)
[kernel]   bin/spin (21064 bytes)
[kernel]   bin/pingpong (21064 bytes)
[kernel]   bin/worker (29296 bytes)
[kernel]   bin/blocker (25176 bytes)
[kernel]   bin/spacecompute (49912 bytes)
[kernel]   bin/spaceai (74544 bytes)
[kernel]   bin/spaceshell (49896 bytes)
[kernel]   bin/uiworker (21064 bytes)
[kernel]   bin/spacebroker (53936 bytes)
[kernel]   bin/spaceagent (45776 bytes)
[kernel]   bin/spacelink (66264 bytes)
[kernel]   bin/spacepkg (49792 bytes)
[kernel]   bin/spaceterm (37560 bytes)
[kernel]   bin/spacenet (119504 bytes)
[kernel]   bin/tlsprobe (1074024 bytes)
[kernel]   bin/spacecloud (1184632 bytes)
[kernel]   bin/churn (25168 bytes)
[kernel]   bin/spacedesk (115440 bytes)
[kernel]   bin/deskapps (127728 bytes)
[kernel]   bin/spacerecovery (58056 bytes)
[kernel]   fixtures/bad_entry (21064 bytes)
[kernel]   fixtures/bad_magic (21064 bytes)
[kernel]   fixtures/truncated (600 bytes)
[kernel]   fixtures/huge_segment (21064 bytes)
[kernel] pci: 7 functions present
[kernel] virtio-blk: no device present
[kernel] ahci: 00:1f.2 port 0: "QEMU HARDDISK", 64 MiB, AHCI 1.0
[kernel] block: AHCI 00:1f.2 port 0 (64 MiB): MBR with 1 partition(s), none labelled SPACEDATA; not used
[kernel] block: no disk holds a volume labelled SPACEDATA
[kernel] virtio-net: pci 00:03.0 mac 52:54:00:12:34:56 (from device), 32 receive and 32 transmit buffers, link up, status 0xf
[kernel] virtio-rng: pci 00:02.0 queue size 4, status 0xf
[kernel] entropy: virtio-rng
[kernel] vfs: no data volume; file system unavailable
[kernel] pic remapped to vectors 32..47
[kernel] console input: keyboard (IRQ1); no COM2 UART
[kernel] pit: 1000 Hz (divisor 1193)
[kernel] syscall/sysret enabled (ABI v0)
[kernel] scheduler: 1000 Hz tick, 10 ms quantum
[kernel] rtc: 1791228225 s since the Unix epoch (UTC)
[kernel] selftest: heap ok, frames ok, paging ok, address-space ok, input decoding ok
[kernel] power: ACPI S5 through PM1a_CNT 0x604 (SLP_TYP 0)
[kernel] smp: 4 CPUs online (boot CPU local APIC 0; started 1 2 3), xAPIC APIC mode, AP timer 100 Hz (613950 counts)
[kernel] spawn pid 1 'bin/init': entry=0x457ad0, 139 pages mapped, quota 2048 pages
[kernel] init spawned as pid 1 from bin/init
[kernel] entering idle loop; scheduler live
[init] Space OS init running: pid 1, ABI v0, quota 2048 pages (139 used)
[init] storage: none; disk-backed tests will be skipped
[init] network: a network card is present
[kernel] display: leased to pid 1 'bin/init'; the console goes on on the serial port
[kernel] display: returned to the console
[init] display: framebuffer present
[init] --- K01: boot reached init in user space
[init] kernel: 8163 MiB frames free of 8180, heap 9 KiB used, uptime 97 ms
[init] PASS K01: boot reached init in user space
[init] --- K02: hello world process exits 0
[kernel] spawn pid 2 'bin/hello': entry=0x4001b8, 21 pages mapped, quota 128 pages
[hello] hello from user space, pid 2 (21 of 128 pages used)
[kernel] pid 2 'bin/hello' exited with code 0
[init] PASS K02: hello world process exits 0
[init] --- K02: spawn of a missing program is rejected
[init] PASS K02: spawn of a missing program is rejected
[init] --- K02: spawn beyond quota is rejected
[init] PASS K02: spawn beyond quota is rejected
[init] --- K02: write to kernel memory kills the process (page fault)
[kernel] spawn pid 3 'bin/fault': entry=0x400758, 22 pages mapped, quota 128 pages
[fault] pid 3 performing 'kernel_write'
[kernel] pid 3 'bin/fault' killed: page fault at rip=0x40041c (error=0x7, addr=0xffff800000000000)
[kernel] pid 3 'bin/fault' killed (page fault, addr 0xffff800000000000)
[init] PASS K02: write to kernel memory kills the process (page fault)
[init] --- K02: null read kills the process (page fault)
[kernel] spawn pid 4 'bin/fault': entry=0x400758, 22 pages mapped, quota 128 pages
[fault] pid 4 performing 'null_read'
[kernel] pid 4 'bin/fault' killed: page fault at rip=0x40020b (error=0x4, addr=0x0)
[kernel] pid 4 'bin/fault' killed (page fault, addr 0x0)
[init] PASS K02: null read kills the process (page fault)
[init] --- K02: executing the NX stack kills the process (page fault)
[kernel] spawn pid 5 'bin/fault': entry=0x400758, 22 pages mapped, quota 128 pages
[fault] pid 5 performing 'nx_exec'
[kernel] pid 5 'bin/fault' killed: page fault at rip=0x7fffefffff98 (error=0x15, addr=0x7fffefffff98)
[kernel] pid 5 'bin/fault' killed (page fault, addr 0x7fffefffff98)
[init] PASS K02: executing the NX stack kills the process (page fault)
[init] --- K02: divide by zero kills the process
[kernel] spawn pid 6 'bin/fault': entry=0x400758, 22 pages mapped, quota 128 pages
[fault] pid 6 performing 'div_zero'
[kernel] pid 6 'bin/fault' killed: divide error at rip=0x40028b (error=0x0, addr=0x40028b)
[kernel] pid 6 'bin/fault' killed (divide error, addr 0x40028b)
[init] PASS K02: divide by zero kills the process
[init] --- K02: undefined instruction kills the process
[kernel] spawn pid 7 'bin/fault': entry=0x400758, 22 pages mapped, quota 128 pages
[fault] pid 7 performing 'ud2'
[kernel] pid 7 'bin/fault' killed: invalid opcode at rip=0x40040e (error=0x0, addr=0x40040e)
[kernel] pid 7 'bin/fault' killed (invalid opcode, addr 0x40040e)
[init] PASS K02: undefined instruction kills the process
[init] --- K02: privileged instruction in ring 3 kills the process (#GP)
[kernel] spawn pid 8 'bin/fault': entry=0x400758, 22 pages mapped, quota 128 pages
[fault] pid 8 performing 'cli'
[kernel] pid 8 'bin/fault' killed: general protection fault at rip=0x400463 (error=0x0, addr=0x400463)
[kernel] pid 8 'bin/fault' killed (general protection fault, addr 0x400463)
[init] PASS K02: privileged instruction in ring 3 kills the process (#GP)
[init] --- C01: writing through a read-only memory-object mapping kills the process
[kernel] spawn pid 9 'bin/fault': entry=0x400758, 22 pages mapped, quota 128 pages
[fault] pid 9 performing 'ro_vmo_write'
[kernel] pid 9 'bin/fault' killed: page fault at rip=0x400332 (error=0x7, addr=0x1000000000)
[kernel] pid 9 'bin/fault' killed (page fault, addr 0x1000000000)
[init] PASS C01: writing through a read-only memory-object mapping kills the process
[init] --- K02: int3 in ring 3 kills the process (breakpoint)
[kernel] spawn pid 10 'bin/fault': entry=0x400758, 22 pages mapped, quota 128 pages
[fault] pid 10 performing 'int3'
[kernel] pid 10 'bin/fault' killed: breakpoint at rip=0x4002bd (error=0x0, addr=0x4002bd)
[kernel] pid 10 'bin/fault' killed (breakpoint, addr 0x4002bd)
[init] PASS K02: int3 in ring 3 kills the process (breakpoint)
[init] --- K02: an SSE instruction kills the process instead of sharing XMM registers
[kernel] spawn pid 11 'bin/fault': entry=0x400758, 22 pages mapped, quota 128 pages
[fault] pid 11 performing 'sse'
[kernel] pid 11 'bin/fault' killed: invalid opcode at rip=0x400466 (error=0x0, addr=0x400466)
[kernel] pid 11 'bin/fault' killed (invalid opcode, addr 0x400466)
[init] PASS K02: an SSE instruction kills the process instead of sharing XMM registers
[init] --- K02: an x87 instruction kills the process (no FPU for user space)
[kernel] spawn pid 12 'bin/fault': entry=0x400758, 22 pages mapped, quota 128 pages
[fault] pid 12 performing 'x87'
[kernel] pid 12 'bin/fault' killed: device not available at rip=0x4001bd (error=0x0, addr=0x4001bd)
[kernel] pid 12 'bin/fault' killed (x87 instruction without an FPU, addr 0x4001bd)
[init] PASS K02: an x87 instruction kills the process (no FPU for user space)
[init] --- K02: TF set before syscall: kernel survives the ring-0 #DB, process is terminated
[kernel] spawn pid 13 'bin/fault': entry=0x400758, 22 pages mapped, quota 128 pages
[fault] pid 13 performing 'tf_syscall'
[kernel] pid 13 'bin/fault' killed: debug at rip=0x40026a (error=0x0, addr=0x40026a)
[kernel] pid 13 'bin/fault' killed (debug trap, addr 0x40026a)
[init] PASS K02: TF set before syscall: kernel survives the ring-0 #DB, process is terminated
[init] --- K02: jump to a kernel address kills the process (page fault)
[kernel] spawn pid 14 'bin/fault': entry=0x400758, 22 pages mapped, quota 128 pages
[fault] pid 14 performing 'kernel_rip_jump'
[kernel] pid 14 'bin/fault' killed: page fault at rip=0xffffffff80100000 (error=0x15, addr=0xffffffff80100000)
[kernel] pid 14 'bin/fault' killed (page fault, addr 0xffffffff80100000)
[init] PASS K02: jump to a kernel address kills the process (page fault)
[init] --- K02: jump to a non-canonical address kills the process (#GP on hardware, #PF on TCG)
[kernel] spawn pid 15 'bin/fault': entry=0x400758, 22 pages mapped, quota 128 pages
[fault] pid 15 performing 'noncanon_rip_jump'
[kernel] pid 15 'bin/fault' killed: page fault at rip=0x800000000000 (error=0x15, addr=0x800000000000)
[kernel] pid 15 'bin/fault' killed (page fault, addr 0x800000000000)
[init] PASS K02: jump to a non-canonical address kills the process (#GP on hardware, #PF on TCG)
[init] --- K02: syscall with a non-canonical user rsp returns normally
[kernel] spawn pid 16 'bin/fault': entry=0x400758, 22 pages mapped, quota 128 pages
[fault] pid 16 performing 'noncanon_rsp_syscall'
[fault] syscall with a hostile rsp returned ticks=203
[kernel] pid 16 'bin/fault' exited with code 0
[init] PASS K02: syscall with a non-canonical user rsp returns normally
[init] --- K02: syscall with rsp pointing into the kernel returns normally
[kernel] spawn pid 17 'bin/fault': entry=0x400758, 22 pages mapped, quota 128 pages
[fault] pid 17 performing 'kernel_rsp_syscall'
[fault] syscall with a hostile rsp returned ticks=217
[kernel] pid 17 'bin/fault' exited with code 0
[init] PASS K02: syscall with rsp pointing into the kernel returns normally
[init] --- K02: malformed executables are rejected (bad entry, bad magic, truncated, huge segment)
[init] PASS K02: malformed executables are rejected (bad entry, bad magic, truncated, huge segment)
[init] --- K02: kernel pointer passed to a syscall is rejected, not dereferenced
[kernel] spawn pid 18 'bin/fault': entry=0x400758, 22 pages mapped, quota 128 pages
[fault] pid 18 performing 'kernel_syscall_ptr'
[kernel] pid 18 'bin/fault' exited with code 0
[init] PASS K02: kernel pointer passed to a syscall is rejected, not dereferenced
[init] --- K02: syscall ABI negative tests (handles, rights, pointers)
[kernel] spawn pid 19 'bin/abi_negative': entry=0x40458c, 29 pages mapped, quota 128 pages
[abi] syscall negative tests
[abi]   ok   unknown syscall: NoSys
[abi]   ok   syscall number just past the table: NoSys
[abi]   ok   send on bad handle: BadHandle
[abi]   ok   wait on bad handle: BadHandle
[abi]   ok   kstats via channel handle: Denied
[abi]   ok   cmdline via channel handle: Denied
[abi]   ok   spawn via channel handle: Denied
[abi]   ok   wait on channel handle: Denied
[abi]   ok   log from kernel address: Fault
[abi]   ok   log from unmapped user page: Fault
[abi]   ok   log crossing end of user space: Fault
[abi]   ok   recv with bad args pointer: Fault
[abi]   ok   recv into kernel buffer: Fault
[abi]   ok   log of an empty buffer at address 0
[abi]   ok   send of an empty message from address 0
[abi]   ok   recv of the empty message
[abi]   ok   handle table filled after 253 dups, then TooManyHandles
[abi]   ok   dup works again after closing the spares
[abi]   ok   vmo of zero bytes: Invalid
[abi]   ok   vmo larger than the ABI limit: Invalid
[abi]   ok   vmo_map on a channel handle: Denied
[abi]   ok   vmo_size on a channel handle: Denied
[abi]   ok   vmo_size reports the requested length
[abi]   ok   memory object is readable and writable when mapped
[abi]   ok   map a handle that lacks WRITE
[abi]   ok   map without the MAP right: Denied
[abi]   ok   unmap with a wrong length: Invalid
[abi]   ok   unmap the memory object
[abi]   ok   unmap of unmapped range: Invalid
[abi]   ok   map of zero bytes: Invalid
[abi]   ok   map with unknown flags: Invalid
[abi]   ok   oversized message: MsgSize
[abi]   ok   transfer the sending handle itself: Invalid
[abi]   ok   transfer the peer endpoint through its own channel: Invalid
[abi]   ok   transfer a duplicate of the sending endpoint: Invalid
[abi]   ok   rejected transfer leaves the handle in place
[abi]   ok   dup with RECV only
[abi]   ok   send on RECV-only dup: Denied
[abi]   ok   dup of a handle without DUP right: Denied
[abi]   ok   dup carries exactly RECV
[abi]   ok   transfer a handle without TRANSFER right: Denied
[abi]   ok   nonblocking recv on empty channel: WouldBlock
[abi]   ok   recv into too-small buffer: MsgSize
[abi]   ok   message survived the MsgSize rejection
[abi]   ok   recv after peer closed: PeerClosed
[abi]   ok   send after peer closed: PeerClosed
[abi]   ok   handle_info on closed handle: BadHandle
[abi]   ok   double close: BadHandle
[abi]   ok   shutdown without root: BadHandle
[abi]   ok   debug without root: BadHandle
[abi] done: 0 failure(s)
[kernel] pid 19 'bin/abi_negative' exited with code 0
[init] PASS K02: syscall ABI negative tests (handles, rights, pointers)
[init] --- K02: IPC echo round trips and handle transfer
[kernel] spawn pid 20 'bin/ipc_echo': entry=0x4004e8, 21 pages mapped, quota 128 pages
[echo] received handle 1 with 'reply here', replying on it
[echo] parent closed the channel after 3 messages; exiting
[kernel] pid 20 'bin/ipc_echo' exited with code 0
[init] PASS K02: IPC echo round trips and handle transfer
[init] --- K02: timer: sleep(50 ms) advances the clock
[init] PASS K02: timer: sleep(50 ms) advances the clock
[init] --- K02: runaway process is preempted and can be killed
[kernel] spawn pid 21 'bin/spin': entry=0x400040, 21 pages mapped, quota 128 pages
[spin] spinning forever without syscalls
[kernel] pid 21 'bin/spin' killed (killed, addr 0x0)
[init] PASS K02: runaway process is preempted and can be killed
[init] --- K02: two processes run at the same time on different CPUs
[kernel] spawn pid 22 'bin/pingpong': entry=0x400284, 21 pages mapped, quota 128 pages
[kernel] pid 22 'bin/pingpong' exited with code 0
[init] smp: 4 CPUs; 200 turns through shared memory, no system call, in 1 ms
[init] PASS K02: two processes run at the same time on different CPUs
[init] --- K03: memory quota is enforced and reusable
[kernel] spawn pid 23 'bin/quota': entry=0x400798, 22 pages mapped, quota 100 pages
[quota] quota 100 pages, 22 used before test
[quota] mapped 4 chunks of 16 pages, then got Quota (expected 4 chunks)
[quota] ok: quota enforced at 100 pages and fully reusable
[kernel] pid 23 'bin/quota' exited with code 0
[init] PASS K03: memory quota is enforced and reusable
[init] --- K03: a process that maps and unmaps 2 MiB 50 times ends up where it started
[init] map/unmap 2 MiB: frames free 2089848 -> 2089848, heap used 9664 -> 9664, live processes 1
[init] PASS K03: a process that maps and unmaps 2 MiB 50 times ends up where it started
[init] --- K03: 50 spawn/exit cycles leak no frames and no kernel heap
[kernel] spawn pid 24 'bin/worker': entry=0x40052c, 23 pages mapped, quota 128 pages
[kernel] pid 24 'bin/worker' exited with code 0
[kernel] spawn pid 25 'bin/worker': entry=0x40052c, 23 pages mapped, quota 128 pages
[kernel] pid 25 'bin/worker' exited with code 0
[kernel] spawn pid 26 'bin/worker': entry=0x40052c, 23 pages mapped, quota 128 pages
[kernel] pid 26 'bin/worker' exited with code 0
[kernel] spawn pid 27 'bin/worker': entry=0x40052c, 23 pages mapped, quota 128 pages
[kernel] pid 27 'bin/worker' exited with code 0
[kernel] spawn pid 28 'bin/worker': entry=0x40052c, 23 pages mapped, quota 128 pages
[kernel] pid 28 'bin/worker' exited with code 0
[kernel] spawn pid 29 'bin/worker': entry=0x40052c, 23 pages mapped, quota 128 pages
[kernel] pid 29 'bin/worker' exited with code 0
[kernel] spawn pid 30 'bin/worker': entry=0x40052c, 23 pages mapped, quota 128 pages
[kernel] pid 30 'bin/worker' exited with code 0
[kernel] spawn pid 31 'bin/worker': entry=0x40052c, 23 pages mapped, quota 128 pages
[kernel] pid 31 'bin/worker' exited with code 0
[kernel] spawn pid 32 'bin/worker': entry=0x40052c, 23 pages mapped, quota 128 pages
[kernel] pid 32 'bin/worker' exited with code 0
[kernel] spawn pid 33 'bin/worker': entry=0x40052c, 23 pages mapped, quota 128 pages
[kernel] pid 33 'bin/worker' exited with code 0
[kernel] spawn pid 34 'bin/worker': entry=0x40052c, 23 pages mapped, quota 128 pages
[kernel] pid 34 'bin/worker' exited with code 0
[kernel] spawn pid 35 'bin/worker': entry=0x40052c, 23 pages mapped, quota 128 pages
[kernel] pid 35 'bin/worker' exited with code 0
[kernel] spawn pid 36 'bin/worker': entry=0x40052c, 23 pages mapped, quota 128 pages
[kernel] pid 36 'bin/worker' exited with code 0
[kernel] spawn pid 37 'bin/worker': entry=0x40052c, 23 pages mapped, quota 128 pages
[kernel] pid 37 'bin/worker' exited with code 0
[kernel] spawn pid 38 'bin/worker': entry=0x40052c, 23 pages mapped, quota 128 pages
[kernel] pid 38 'bin/worker' exited with code 0
[kernel] spawn pid 39 'bin/worker': entry=0x40052c, 23 pages mapped, quota 128 pages
[kernel] pid 39 'bin/worker' exited with code 0
[kernel] spawn pid 40 'bin/worker': entry=0x40052c, 23 pages mapped, quota 128 pages
[kernel] pid 40 'bin/worker' exited with code 0
[kernel] spawn pid 41 'bin/worker': entry=0x40052c, 23 pages mapped, quota 128 pages
[kernel] pid 41 'bin/worker' exited with code 0
[kernel] spawn pid 42 'bin/worker': entry=0x40052c, 23 pages mapped, quota 128 pages
[kernel] pid 42 'bin/worker' exited with code 0
[kernel] spawn pid 43 'bin/worker': entry=0x40052c, 23 pages mapped, quota 128 pages
[kernel] pid 43 'bin/worker' exited with code 0
[kernel] spawn pid 44 'bin/worker': entry=0x40052c, 23 pages mapped, quota 128 pages
[kernel] pid 44 'bin/worker' exited with code 0
[kernel] spawn pid 45 'bin/worker': entry=0x40052c, 23 pages mapped, quota 128 pages
[kernel] pid 45 'bin/worker' exited with code 0
[kernel] spawn pid 46 'bin/worker': entry=0x40052c, 23 pages mapped, quota 128 pages
[kernel] pid 46 'bin/worker' exited with code 0
[kernel] spawn pid 47 'bin/worker': entry=0x40052c, 23 pages mapped, quota 128 pages
[kernel] pid 47 'bin/worker' exited with code 0
[kernel] spawn pid 48 'bin/worker': entry=0x40052c, 23 pages mapped, quota 128 pages
[kernel] pid 48 'bin/worker' exited with code 0
[kernel] spawn pid 49 'bin/worker': entry=0x40052c, 23 pages mapped, quota 128 pages
[kernel] pid 49 'bin/worker' exited with code 0
[kernel] spawn pid 50 'bin/worker': entry=0x40052c, 23 pages mapped, quota 128 pages
[kernel] pid 50 'bin/worker' exited with code 0
[kernel] spawn pid 51 'bin/worker': entry=0x40052c, 23 pages mapped, quota 128 pages
[kernel] pid 51 'bin/worker' exited with code 0
[kernel] spawn pid 52 'bin/worker': entry=0x40052c, 23 pages mapped, quota 128 pages
[kernel] pid 52 'bin/worker' exited with code 0
[kernel] spawn pid 53 'bin/worker': entry=0x40052c, 23 pages mapped, quota 128 pages
[kernel] pid 53 'bin/worker' exited with code 0
[kernel] spawn pid 54 'bin/worker': entry=0x40052c, 23 pages mapped, quota 128 pages
[kernel] pid 54 'bin/worker' exited with code 0
[kernel] spawn pid 55 'bin/worker': entry=0x40052c, 23 pages mapped, quota 128 pages
[kernel] pid 55 'bin/worker' exited with code 0
[kernel] spawn pid 56 'bin/worker': entry=0x40052c, 23 pages mapped, quota 128 pages
[kernel] pid 56 'bin/worker' exited with code 0
[kernel] spawn pid 57 'bin/worker': entry=0x40052c, 23 pages mapped, quota 128 pages
[kernel] pid 57 'bin/worker' exited with code 0
[kernel] spawn pid 58 'bin/worker': entry=0x40052c, 23 pages mapped, quota 128 pages
[kernel] pid 58 'bin/worker' exited with code 0
[kernel] spawn pid 59 'bin/worker': entry=0x40052c, 23 pages mapped, quota 128 pages
[kernel] pid 59 'bin/worker' exited with code 0
[kernel] spawn pid 60 'bin/worker': entry=0x40052c, 23 pages mapped, quota 128 pages
[kernel] pid 60 'bin/worker' exited with code 0
[kernel] spawn pid 61 'bin/worker': entry=0x40052c, 23 pages mapped, quota 128 pages
[kernel] pid 61 'bin/worker' exited with code 0
[kernel] spawn pid 62 'bin/worker': entry=0x40052c, 23 pages mapped, quota 128 pages
[kernel] pid 62 'bin/worker' exited with code 0
[kernel] spawn pid 63 'bin/worker': entry=0x40052c, 23 pages mapped, quota 128 pages
[kernel] pid 63 'bin/worker' exited with code 0
[kernel] spawn pid 64 'bin/worker': entry=0x40052c, 23 pages mapped, quota 128 pages
[kernel] pid 64 'bin/worker' exited with code 0
[kernel] spawn pid 65 'bin/worker': entry=0x40052c, 23 pages mapped, quota 128 pages
[kernel] pid 65 'bin/worker' exited with code 0
[kernel] spawn pid 66 'bin/worker': entry=0x40052c, 23 pages mapped, quota 128 pages
[kernel] pid 66 'bin/worker' exited with code 0
[kernel] spawn pid 67 'bin/worker': entry=0x40052c, 23 pages mapped, quota 128 pages
[kernel] pid 67 'bin/worker' exited with code 0
[kernel] spawn pid 68 'bin/worker': entry=0x40052c, 23 pages mapped, quota 128 pages
[kernel] pid 68 'bin/worker' exited with code 0
[kernel] spawn pid 69 'bin/worker': entry=0x40052c, 23 pages mapped, quota 128 pages
[kernel] pid 69 'bin/worker' exited with code 0
[kernel] spawn pid 70 'bin/worker': entry=0x40052c, 23 pages mapped, quota 128 pages
[kernel] pid 70 'bin/worker' exited with code 0
[kernel] spawn pid 71 'bin/worker': entry=0x40052c, 23 pages mapped, quota 128 pages
[kernel] pid 71 'bin/worker' exited with code 0
[kernel] spawn pid 72 'bin/worker': entry=0x40052c, 23 pages mapped, quota 128 pages
[kernel] pid 72 'bin/worker' exited with code 0
[kernel] spawn pid 73 'bin/worker': entry=0x40052c, 23 pages mapped, quota 128 pages
[kernel] pid 73 'bin/worker' exited with code 0
[kernel] spawn pid 74 'bin/worker': entry=0x40052c, 23 pages mapped, quota 128 pages
[kernel] pid 74 'bin/worker' exited with code 0
[kernel] spawn pid 75 'bin/worker': entry=0x40052c, 23 pages mapped, quota 128 pages
[kernel] pid 75 'bin/worker' exited with code 0
[kernel] spawn pid 76 'bin/worker': entry=0x40052c, 23 pages mapped, quota 128 pages
[kernel] pid 76 'bin/worker' exited with code 0
[kernel] spawn pid 77 'bin/worker': entry=0x40052c, 23 pages mapped, quota 128 pages
[kernel] pid 77 'bin/worker' exited with code 0
[kernel] spawn pid 78 'bin/worker': entry=0x40052c, 23 pages mapped, quota 128 pages
[kernel] pid 78 'bin/worker' exited with code 0
[init] frames free before=2089848 after=2089848 ; heap used before=9664 after=9664 ; switches=399
[init] PASS K03: 50 spawn/exit cycles leak no frames and no kernel heap
[init] --- K03: 20 kill-while-blocked cycles leak no frames and no kernel heap
[kernel] spawn pid 79 'bin/ipc_echo': entry=0x4004e8, 21 pages mapped, quota 128 pages
[kernel] pid 79 'bin/ipc_echo' killed (killed, addr 0x0)
[kernel] spawn pid 80 'bin/ipc_echo': entry=0x4004e8, 21 pages mapped, quota 128 pages
[kernel] pid 80 'bin/ipc_echo' killed (killed, addr 0x0)
[kernel] spawn pid 81 'bin/ipc_echo': entry=0x4004e8, 21 pages mapped, quota 128 pages
[kernel] pid 81 'bin/ipc_echo' killed (killed, addr 0x0)
[kernel] spawn pid 82 'bin/ipc_echo': entry=0x4004e8, 21 pages mapped, quota 128 pages
[kernel] pid 82 'bin/ipc_echo' killed (killed, addr 0x0)
[kernel] spawn pid 83 'bin/ipc_echo': entry=0x4004e8, 21 pages mapped, quota 128 pages
[kernel] pid 83 'bin/ipc_echo' killed (killed, addr 0x0)
[kernel] spawn pid 84 'bin/ipc_echo': entry=0x4004e8, 21 pages mapped, quota 128 pages
[kernel] pid 84 'bin/ipc_echo' killed (killed, addr 0x0)
[kernel] spawn pid 85 'bin/ipc_echo': entry=0x4004e8, 21 pages mapped, quota 128 pages
[kernel] pid 85 'bin/ipc_echo' killed (killed, addr 0x0)
[kernel] spawn pid 86 'bin/ipc_echo': entry=0x4004e8, 21 pages mapped, quota 128 pages
[kernel] pid 86 'bin/ipc_echo' killed (killed, addr 0x0)
[kernel] spawn pid 87 'bin/ipc_echo': entry=0x4004e8, 21 pages mapped, quota 128 pages
[kernel] pid 87 'bin/ipc_echo' killed (killed, addr 0x0)
[kernel] spawn pid 88 'bin/ipc_echo': entry=0x4004e8, 21 pages mapped, quota 128 pages
[kernel] pid 88 'bin/ipc_echo' killed (killed, addr 0x0)
[kernel] spawn pid 89 'bin/ipc_echo': entry=0x4004e8, 21 pages mapped, quota 128 pages
[kernel] pid 89 'bin/ipc_echo' killed (killed, addr 0x0)
[kernel] spawn pid 90 'bin/ipc_echo': entry=0x4004e8, 21 pages mapped, quota 128 pages
[kernel] pid 90 'bin/ipc_echo' killed (killed, addr 0x0)
[kernel] spawn pid 91 'bin/ipc_echo': entry=0x4004e8, 21 pages mapped, quota 128 pages
[kernel] pid 91 'bin/ipc_echo' killed (killed, addr 0x0)
[kernel] spawn pid 92 'bin/ipc_echo': entry=0x4004e8, 21 pages mapped, quota 128 pages
[kernel] pid 92 'bin/ipc_echo' killed (killed, addr 0x0)
[kernel] spawn pid 93 'bin/ipc_echo': entry=0x4004e8, 21 pages mapped, quota 128 pages
[kernel] pid 93 'bin/ipc_echo' killed (killed, addr 0x0)
[kernel] spawn pid 94 'bin/ipc_echo': entry=0x4004e8, 21 pages mapped, quota 128 pages
[kernel] pid 94 'bin/ipc_echo' killed (killed, addr 0x0)
[kernel] spawn pid 95 'bin/ipc_echo': entry=0x4004e8, 21 pages mapped, quota 128 pages
[kernel] pid 95 'bin/ipc_echo' killed (killed, addr 0x0)
[kernel] spawn pid 96 'bin/ipc_echo': entry=0x4004e8, 21 pages mapped, quota 128 pages
[kernel] pid 96 'bin/ipc_echo' killed (killed, addr 0x0)
[kernel] spawn pid 97 'bin/ipc_echo': entry=0x4004e8, 21 pages mapped, quota 128 pages
[kernel] pid 97 'bin/ipc_echo' killed (killed, addr 0x0)
[kernel] spawn pid 98 'bin/ipc_echo': entry=0x4004e8, 21 pages mapped, quota 128 pages
[kernel] pid 98 'bin/ipc_echo' killed (killed, addr 0x0)
[kernel] spawn pid 99 'bin/ipc_echo': entry=0x4004e8, 21 pages mapped, quota 128 pages
[kernel] pid 99 'bin/ipc_echo' killed (killed, addr 0x0)
[kernel] spawn pid 100 'bin/ipc_echo': entry=0x4004e8, 21 pages mapped, quota 128 pages
[kernel] pid 100 'bin/ipc_echo' killed (killed, addr 0x0)
[kernel] spawn pid 101 'bin/ipc_echo': entry=0x4004e8, 21 pages mapped, quota 128 pages
[kernel] pid 101 'bin/ipc_echo' killed (killed, addr 0x0)
[init] frames free before=2089848 after=2089848 ; heap used before=9664 after=9664
[init] PASS K03: 20 kill-while-blocked cycles leak no frames and no kernel heap
[init] --- K03: 20 kill-while-sleeping cycles release the thread at once, not at wake-up
[kernel] spawn pid 102 'bin/blocker': entry=0x400a78, 22 pages mapped, quota 128 pages
[kernel] pid 102 'bin/blocker' killed (killed, addr 0x0)
[kernel] spawn pid 103 'bin/blocker': entry=0x400a78, 22 pages mapped, quota 128 pages
[kernel] pid 103 'bin/blocker' killed (killed, addr 0x0)
[kernel] spawn pid 104 'bin/blocker': entry=0x400a78, 22 pages mapped, quota 128 pages
[kernel] pid 104 'bin/blocker' killed (killed, addr 0x0)
[kernel] spawn pid 105 'bin/blocker': entry=0x400a78, 22 pages mapped, quota 128 pages
[kernel] pid 105 'bin/blocker' killed (killed, addr 0x0)
[kernel] spawn pid 106 'bin/blocker': entry=0x400a78, 22 pages mapped, quota 128 pages
[kernel] pid 106 'bin/blocker' killed (killed, addr 0x0)
[kernel] spawn pid 107 'bin/blocker': entry=0x400a78, 22 pages mapped, quota 128 pages
[kernel] pid 107 'bin/blocker' killed (killed, addr 0x0)
[kernel] spawn pid 108 'bin/blocker': entry=0x400a78, 22 pages mapped, quota 128 pages
[kernel] pid 108 'bin/blocker' killed (killed, addr 0x0)
[kernel] spawn pid 109 'bin/blocker': entry=0x400a78, 22 pages mapped, quota 128 pages
[kernel] pid 109 'bin/blocker' killed (killed, addr 0x0)
[kernel] spawn pid 110 'bin/blocker': entry=0x400a78, 22 pages mapped, quota 128 pages
[kernel] pid 110 'bin/blocker' killed (killed, addr 0x0)
[kernel] spawn pid 111 'bin/blocker': entry=0x400a78, 22 pages mapped, quota 128 pages
[kernel] pid 111 'bin/blocker' killed (killed, addr 0x0)
[kernel] spawn pid 112 'bin/blocker': entry=0x400a78, 22 pages mapped, quota 128 pages
[kernel] pid 112 'bin/blocker' killed (killed, addr 0x0)
[kernel] spawn pid 113 'bin/blocker': entry=0x400a78, 22 pages mapped, quota 128 pages
[kernel] pid 113 'bin/blocker' killed (killed, addr 0x0)
[kernel] spawn pid 114 'bin/blocker': entry=0x400a78, 22 pages mapped, quota 128 pages
[kernel] pid 114 'bin/blocker' killed (killed, addr 0x0)
[kernel] spawn pid 115 'bin/blocker': entry=0x400a78, 22 pages mapped, quota 128 pages
[kernel] pid 115 'bin/blocker' killed (killed, addr 0x0)
[kernel] spawn pid 116 'bin/blocker': entry=0x400a78, 22 pages mapped, quota 128 pages
[kernel] pid 116 'bin/blocker' killed (killed, addr 0x0)
[kernel] spawn pid 117 'bin/blocker': entry=0x400a78, 22 pages mapped, quota 128 pages
[kernel] pid 117 'bin/blocker' killed (killed, addr 0x0)
[kernel] spawn pid 118 'bin/blocker': entry=0x400a78, 22 pages mapped, quota 128 pages
[kernel] pid 118 'bin/blocker' killed (killed, addr 0x0)
[kernel] spawn pid 119 'bin/blocker': entry=0x400a78, 22 pages mapped, quota 128 pages
[kernel] pid 119 'bin/blocker' killed (killed, addr 0x0)
[kernel] spawn pid 120 'bin/blocker': entry=0x400a78, 22 pages mapped, quota 128 pages
[kernel] pid 120 'bin/blocker' killed (killed, addr 0x0)
[kernel] spawn pid 121 'bin/blocker': entry=0x400a78, 22 pages mapped, quota 128 pages
[kernel] pid 121 'bin/blocker' killed (killed, addr 0x0)
[kernel] spawn pid 122 'bin/blocker': entry=0x400a78, 22 pages mapped, quota 128 pages
[kernel] pid 122 'bin/blocker' killed (killed, addr 0x0)
[kernel] spawn pid 123 'bin/blocker': entry=0x400a78, 22 pages mapped, quota 128 pages
[kernel] pid 123 'bin/blocker' killed (killed, addr 0x0)
[kernel] spawn pid 124 'bin/blocker': entry=0x400a78, 22 pages mapped, quota 128 pages
[kernel] pid 124 'bin/blocker' killed (killed, addr 0x0)
[init] kill while sleeping: frames free 2089848 -> 2089848, heap used 9664 -> 9664, live processes 1
[init] PASS K03: 20 kill-while-sleeping cycles release the thread at once, not at wake-up
[init] --- K03: 20 kill-while-blocked-in-recv cycles leak nothing (peer stays open)
[kernel] spawn pid 125 'bin/blocker': entry=0x400a78, 22 pages mapped, quota 128 pages
[kernel] pid 125 'bin/blocker' killed (killed, addr 0x0)
[kernel] spawn pid 126 'bin/blocker': entry=0x400a78, 22 pages mapped, quota 128 pages
[kernel] pid 126 'bin/blocker' killed (killed, addr 0x0)
[kernel] spawn pid 127 'bin/blocker': entry=0x400a78, 22 pages mapped, quota 128 pages
[kernel] pid 127 'bin/blocker' killed (killed, addr 0x0)
[kernel] spawn pid 128 'bin/blocker': entry=0x400a78, 22 pages mapped, quota 128 pages
[kernel] pid 128 'bin/blocker' killed (killed, addr 0x0)
[kernel] spawn pid 129 'bin/blocker': entry=0x400a78, 22 pages mapped, quota 128 pages
[kernel] pid 129 'bin/blocker' killed (killed, addr 0x0)
[kernel] spawn pid 130 'bin/blocker': entry=0x400a78, 22 pages mapped, quota 128 pages
[kernel] pid 130 'bin/blocker' killed (killed, addr 0x0)
[kernel] spawn pid 131 'bin/blocker': entry=0x400a78, 22 pages mapped, quota 128 pages
[kernel] pid 131 'bin/blocker' killed (killed, addr 0x0)
[kernel] spawn pid 132 'bin/blocker': entry=0x400a78, 22 pages mapped, quota 128 pages
[kernel] pid 132 'bin/blocker' killed (killed, addr 0x0)
[kernel] spawn pid 133 'bin/blocker': entry=0x400a78, 22 pages mapped, quota 128 pages
[kernel] pid 133 'bin/blocker' killed (killed, addr 0x0)
[kernel] spawn pid 134 'bin/blocker': entry=0x400a78, 22 pages mapped, quota 128 pages
[kernel] pid 134 'bin/blocker' killed (killed, addr 0x0)
[kernel] spawn pid 135 'bin/blocker': entry=0x400a78, 22 pages mapped, quota 128 pages
[kernel] pid 135 'bin/blocker' killed (killed, addr 0x0)
[kernel] spawn pid 136 'bin/blocker': entry=0x400a78, 22 pages mapped, quota 128 pages
[kernel] pid 136 'bin/blocker' killed (killed, addr 0x0)
[kernel] spawn pid 137 'bin/blocker': entry=0x400a78, 22 pages mapped, quota 128 pages
[kernel] pid 137 'bin/blocker' killed (killed, addr 0x0)
[kernel] spawn pid 138 'bin/blocker': entry=0x400a78, 22 pages mapped, quota 128 pages
[kernel] pid 138 'bin/blocker' killed (killed, addr 0x0)
[kernel] spawn pid 139 'bin/blocker': entry=0x400a78, 22 pages mapped, quota 128 pages
[kernel] pid 139 'bin/blocker' killed (killed, addr 0x0)
[kernel] spawn pid 140 'bin/blocker': entry=0x400a78, 22 pages mapped, quota 128 pages
[kernel] pid 140 'bin/blocker' killed (killed, addr 0x0)
[kernel] spawn pid 141 'bin/blocker': entry=0x400a78, 22 pages mapped, quota 128 pages
[kernel] pid 141 'bin/blocker' killed (killed, addr 0x0)
[kernel] spawn pid 142 'bin/blocker': entry=0x400a78, 22 pages mapped, quota 128 pages
[kernel] pid 142 'bin/blocker' killed (killed, addr 0x0)
[kernel] spawn pid 143 'bin/blocker': entry=0x400a78, 22 pages mapped, quota 128 pages
[kernel] pid 143 'bin/blocker' killed (killed, addr 0x0)
[kernel] spawn pid 144 'bin/blocker': entry=0x400a78, 22 pages mapped, quota 128 pages
[kernel] pid 144 'bin/blocker' killed (killed, addr 0x0)
[kernel] spawn pid 145 'bin/blocker': entry=0x400a78, 22 pages mapped, quota 128 pages
[kernel] pid 145 'bin/blocker' killed (killed, addr 0x0)
[kernel] spawn pid 146 'bin/blocker': entry=0x400a78, 22 pages mapped, quota 128 pages
[kernel] pid 146 'bin/blocker' killed (killed, addr 0x0)
[kernel] spawn pid 147 'bin/blocker': entry=0x400a78, 22 pages mapped, quota 128 pages
[kernel] pid 147 'bin/blocker' killed (killed, addr 0x0)
[init] kill while in recv: frames free 2089848 -> 2089848, heap used 9664 -> 9664, live processes 1
[init] PASS K03: 20 kill-while-blocked-in-recv cycles leak nothing (peer stays open)
[init] --- K03: 20 kill-while-waiting cycles leak nothing although the target keeps running
[kernel] spawn pid 148 'bin/spin': entry=0x400040, 21 pages mapped, quota 128 pages
[kernel] spawn pid 149 'bin/blocker': entry=0x400a78, 22 pages mapped, quota 128 pages
[spin] spinning forever without syscalls
[kernel] pid 149 'bin/blocker' killed (killed, addr 0x0)
[kernel] spawn pid 150 'bin/blocker': entry=0x400a78, 22 pages mapped, quota 128 pages
[kernel] pid 150 'bin/blocker' killed (killed, addr 0x0)
[kernel] spawn pid 151 'bin/blocker': entry=0x400a78, 22 pages mapped, quota 128 pages
[kernel] pid 151 'bin/blocker' killed (killed, addr 0x0)
[kernel] spawn pid 152 'bin/blocker': entry=0x400a78, 22 pages mapped, quota 128 pages
[kernel] pid 152 'bin/blocker' killed (killed, addr 0x0)
[kernel] spawn pid 153 'bin/blocker': entry=0x400a78, 22 pages mapped, quota 128 pages
[kernel] pid 153 'bin/blocker' killed (killed, addr 0x0)
[kernel] spawn pid 154 'bin/blocker': entry=0x400a78, 22 pages mapped, quota 128 pages
[kernel] pid 154 'bin/blocker' killed (killed, addr 0x0)
[kernel] spawn pid 155 'bin/blocker': entry=0x400a78, 22 pages mapped, quota 128 pages
[kernel] pid 155 'bin/blocker' killed (killed, addr 0x0)
[kernel] spawn pid 156 'bin/blocker': entry=0x400a78, 22 pages mapped, quota 128 pages
[kernel] pid 156 'bin/blocker' killed (killed, addr 0x0)
[kernel] spawn pid 157 'bin/blocker': entry=0x400a78, 22 pages mapped, quota 128 pages
[kernel] pid 157 'bin/blocker' killed (killed, addr 0x0)
[kernel] spawn pid 158 'bin/blocker': entry=0x400a78, 22 pages mapped, quota 128 pages
[kernel] pid 158 'bin/blocker' killed (killed, addr 0x0)
[kernel] spawn pid 159 'bin/blocker': entry=0x400a78, 22 pages mapped, quota 128 pages
[kernel] pid 159 'bin/blocker' killed (killed, addr 0x0)
[kernel] spawn pid 160 'bin/blocker': entry=0x400a78, 22 pages mapped, quota 128 pages
[kernel] pid 160 'bin/blocker' killed (killed, addr 0x0)
[kernel] spawn pid 161 'bin/blocker': entry=0x400a78, 22 pages mapped, quota 128 pages
[kernel] pid 161 'bin/blocker' killed (killed, addr 0x0)
[kernel] spawn pid 162 'bin/blocker': entry=0x400a78, 22 pages mapped, quota 128 pages
[kernel] pid 162 'bin/blocker' killed (killed, addr 0x0)
[kernel] spawn pid 163 'bin/blocker': entry=0x400a78, 22 pages mapped, quota 128 pages
[kernel] pid 163 'bin/blocker' killed (killed, addr 0x0)
[kernel] spawn pid 164 'bin/blocker': entry=0x400a78, 22 pages mapped, quota 128 pages
[kernel] pid 164 'bin/blocker' killed (killed, addr 0x0)
[kernel] spawn pid 165 'bin/blocker': entry=0x400a78, 22 pages mapped, quota 128 pages
[kernel] pid 165 'bin/blocker' killed (killed, addr 0x0)
[kernel] spawn pid 166 'bin/blocker': entry=0x400a78, 22 pages mapped, quota 128 pages
[kernel] pid 166 'bin/blocker' killed (killed, addr 0x0)
[kernel] spawn pid 167 'bin/blocker': entry=0x400a78, 22 pages mapped, quota 128 pages
[kernel] pid 167 'bin/blocker' killed (killed, addr 0x0)
[kernel] spawn pid 168 'bin/blocker': entry=0x400a78, 22 pages mapped, quota 128 pages
[kernel] pid 168 'bin/blocker' killed (killed, addr 0x0)
[kernel] spawn pid 169 'bin/blocker': entry=0x400a78, 22 pages mapped, quota 128 pages
[kernel] pid 169 'bin/blocker' killed (killed, addr 0x0)
[kernel] spawn pid 170 'bin/blocker': entry=0x400a78, 22 pages mapped, quota 128 pages
[kernel] pid 170 'bin/blocker' killed (killed, addr 0x0)
[kernel] spawn pid 171 'bin/blocker': entry=0x400a78, 22 pages mapped, quota 128 pages
[kernel] pid 171 'bin/blocker' killed (killed, addr 0x0)
[init] kill while in wait: frames free 2089812 -> 2089812, heap used 10232 -> 10232, live processes 2
[kernel] pid 148 'bin/spin' killed (killed, addr 0x0)
[init] PASS K03: 20 kill-while-waiting cycles leak nothing although the target keeps running
[init] --- K02: a full handle table refuses spawn instead of orphaning the child
[kernel] spawn pid 172 'bin/hello': entry=0x4001b8, 21 pages mapped, quota 128 pages
[hello] hello from user space, pid 172 (21 of 128 pages used)
[kernel] pid 172 'bin/hello' exited with code 0
[init] PASS K02: a full handle table refuses spawn instead of orphaning the child
[init] --- K02: wait_any: an idle channel times out after the timeout, not before
[init] PASS K02: wait_any: an idle channel times out after the timeout, not before
[init] --- K02: wait_any: reports which handle is ready, and a zero timeout only looks
[init] PASS K02: wait_any: reports which handle is ready, and a zero timeout only looks
[init] --- K02: wait_any: another process's message wakes the waiter
[kernel] spawn pid 173 'bin/ipc_echo': entry=0x4004e8, 21 pages mapped, quota 128 pages
[echo] parent closed the channel after 1 messages; exiting
[kernel] pid 173 'bin/ipc_echo' exited with code 0
[init] PASS K02: wait_any: another process's message wakes the waiter
[init] --- K02: wait_any: a process exit and a closed peer both wake the waiter
[kernel] spawn pid 174 'bin/hello': entry=0x4001b8, 21 pages mapped, quota 128 pages
[hello] hello from user space, pid 174 (21 of 128 pages used)
[kernel] pid 174 'bin/hello' exited with code 0
[init] PASS K02: wait_any: a process exit and a closed peer both wake the waiter
[init] --- K02: wait_any: bad sets are refused (empty, too large, bad handle, wrong kind, bad pointer)
[init] PASS K02: wait_any: bad sets are refused (empty, too large, bad handle, wrong kind, bad pointer)
[init] --- K03: 20 kill-while-in-wait_any cycles leak nothing (two queues, no timeout)
[kernel] spawn pid 175 'bin/spin': entry=0x400040, 21 pages mapped, quota 128 pages
[spin] spinning forever without syscalls
[kernel] spawn pid 176 'bin/blocker': entry=0x400a78, 22 pages mapped, quota 128 pages
[kernel] pid 176 'bin/blocker' killed (killed, addr 0x0)
[kernel] spawn pid 177 'bin/blocker': entry=0x400a78, 22 pages mapped, quota 128 pages
[kernel] pid 177 'bin/blocker' killed (killed, addr 0x0)
[kernel] spawn pid 178 'bin/blocker': entry=0x400a78, 22 pages mapped, quota 128 pages
[kernel] pid 178 'bin/blocker' killed (killed, addr 0x0)
[kernel] spawn pid 179 'bin/blocker': entry=0x400a78, 22 pages mapped, quota 128 pages
[kernel] pid 179 'bin/blocker' killed (killed, addr 0x0)
[kernel] spawn pid 180 'bin/blocker': entry=0x400a78, 22 pages mapped, quota 128 pages
[kernel] pid 180 'bin/blocker' killed (killed, addr 0x0)
[kernel] spawn pid 181 'bin/blocker': entry=0x400a78, 22 pages mapped, quota 128 pages
[kernel] pid 181 'bin/blocker' killed (killed, addr 0x0)
[kernel] spawn pid 182 'bin/blocker': entry=0x400a78, 22 pages mapped, quota 128 pages
[kernel] pid 182 'bin/blocker' killed (killed, addr 0x0)
[kernel] spawn pid 183 'bin/blocker': entry=0x400a78, 22 pages mapped, quota 128 pages
[kernel] pid 183 'bin/blocker' killed (killed, addr 0x0)
[kernel] spawn pid 184 'bin/blocker': entry=0x400a78, 22 pages mapped, quota 128 pages
[kernel] pid 184 'bin/blocker' killed (killed, addr 0x0)
[kernel] spawn pid 185 'bin/blocker': entry=0x400a78, 22 pages mapped, quota 128 pages
[kernel] pid 185 'bin/blocker' killed (killed, addr 0x0)
[kernel] spawn pid 186 'bin/blocker': entry=0x400a78, 22 pages mapped, quota 128 pages
[kernel] pid 186 'bin/blocker' killed (killed, addr 0x0)
[kernel] spawn pid 187 'bin/blocker': entry=0x400a78, 22 pages mapped, quota 128 pages
[kernel] pid 187 'bin/blocker' killed (killed, addr 0x0)
[kernel] spawn pid 188 'bin/blocker': entry=0x400a78, 22 pages mapped, quota 128 pages
[kernel] pid 188 'bin/blocker' killed (killed, addr 0x0)
[kernel] spawn pid 189 'bin/blocker': entry=0x400a78, 22 pages mapped, quota 128 pages
[kernel] pid 189 'bin/blocker' killed (killed, addr 0x0)
[kernel] spawn pid 190 'bin/blocker': entry=0x400a78, 22 pages mapped, quota 128 pages
[kernel] pid 190 'bin/blocker' killed (killed, addr 0x0)
[kernel] spawn pid 191 'bin/blocker': entry=0x400a78, 22 pages mapped, quota 128 pages
[kernel] pid 191 'bin/blocker' killed (killed, addr 0x0)
[kernel] spawn pid 192 'bin/blocker': entry=0x400a78, 22 pages mapped, quota 128 pages
[kernel] pid 192 'bin/blocker' killed (killed, addr 0x0)
[kernel] spawn pid 193 'bin/blocker': entry=0x400a78, 22 pages mapped, quota 128 pages
[kernel] pid 193 'bin/blocker' killed (killed, addr 0x0)
[kernel] spawn pid 194 'bin/blocker': entry=0x400a78, 22 pages mapped, quota 128 pages
[kernel] pid 194 'bin/blocker' killed (killed, addr 0x0)
[kernel] spawn pid 195 'bin/blocker': entry=0x400a78, 22 pages mapped, quota 128 pages
[kernel] pid 195 'bin/blocker' killed (killed, addr 0x0)
[kernel] spawn pid 196 'bin/blocker': entry=0x400a78, 22 pages mapped, quota 128 pages
[kernel] pid 196 'bin/blocker' killed (killed, addr 0x0)
[kernel] spawn pid 197 'bin/blocker': entry=0x400a78, 22 pages mapped, quota 128 pages
[kernel] pid 197 'bin/blocker' killed (killed, addr 0x0)
[kernel] spawn pid 198 'bin/blocker': entry=0x400a78, 22 pages mapped, quota 128 pages
[kernel] pid 198 'bin/blocker' killed (killed, addr 0x0)
[init] kill while in wait_any: frames free 2089812 -> 2089812, heap used 16184 -> 16184, live processes 2
[kernel] pid 175 'bin/spin' killed (killed, addr 0x0)
[init] PASS K03: 20 kill-while-in-wait_any cycles leak nothing (two queues, no timeout)
[init] --- K03: 20 kill-while-in-wait_any cycles release the timer entry at once
[kernel] spawn pid 199 'bin/blocker': entry=0x400a78, 22 pages mapped, quota 128 pages
[kernel] pid 199 'bin/blocker' killed (killed, addr 0x0)
[kernel] spawn pid 200 'bin/blocker': entry=0x400a78, 22 pages mapped, quota 128 pages
[kernel] pid 200 'bin/blocker' killed (killed, addr 0x0)
[kernel] spawn pid 201 'bin/blocker': entry=0x400a78, 22 pages mapped, quota 128 pages
[kernel] pid 201 'bin/blocker' killed (killed, addr 0x0)
[kernel] spawn pid 202 'bin/blocker': entry=0x400a78, 22 pages mapped, quota 128 pages
[kernel] pid 202 'bin/blocker' killed (killed, addr 0x0)
[kernel] spawn pid 203 'bin/blocker': entry=0x400a78, 22 pages mapped, quota 128 pages
[kernel] pid 203 'bin/blocker' killed (killed, addr 0x0)
[kernel] spawn pid 204 'bin/blocker': entry=0x400a78, 22 pages mapped, quota 128 pages
[kernel] pid 204 'bin/blocker' killed (killed, addr 0x0)
[kernel] spawn pid 205 'bin/blocker': entry=0x400a78, 22 pages mapped, quota 128 pages
[kernel] pid 205 'bin/blocker' killed (killed, addr 0x0)
[kernel] spawn pid 206 'bin/blocker': entry=0x400a78, 22 pages mapped, quota 128 pages
[kernel] pid 206 'bin/blocker' killed (killed, addr 0x0)
[kernel] spawn pid 207 'bin/blocker': entry=0x400a78, 22 pages mapped, quota 128 pages
[kernel] pid 207 'bin/blocker' killed (killed, addr 0x0)
[kernel] spawn pid 208 'bin/blocker': entry=0x400a78, 22 pages mapped, quota 128 pages
[kernel] pid 208 'bin/blocker' killed (killed, addr 0x0)
[kernel] spawn pid 209 'bin/blocker': entry=0x400a78, 22 pages mapped, quota 128 pages
[kernel] pid 209 'bin/blocker' killed (killed, addr 0x0)
[kernel] spawn pid 210 'bin/blocker': entry=0x400a78, 22 pages mapped, quota 128 pages
[kernel] pid 210 'bin/blocker' killed (killed, addr 0x0)
[kernel] spawn pid 211 'bin/blocker': entry=0x400a78, 22 pages mapped, quota 128 pages
[kernel] pid 211 'bin/blocker' killed (killed, addr 0x0)
[kernel] spawn pid 212 'bin/blocker': entry=0x400a78, 22 pages mapped, quota 128 pages
[kernel] pid 212 'bin/blocker' killed (killed, addr 0x0)
[kernel] spawn pid 213 'bin/blocker': entry=0x400a78, 22 pages mapped, quota 128 pages
[kernel] pid 213 'bin/blocker' killed (killed, addr 0x0)
[kernel] spawn pid 214 'bin/blocker': entry=0x400a78, 22 pages mapped, quota 128 pages
[kernel] pid 214 'bin/blocker' killed (killed, addr 0x0)
[kernel] spawn pid 215 'bin/blocker': entry=0x400a78, 22 pages mapped, quota 128 pages
[kernel] pid 215 'bin/blocker' killed (killed, addr 0x0)
[kernel] spawn pid 216 'bin/blocker': entry=0x400a78, 22 pages mapped, quota 128 pages
[kernel] pid 216 'bin/blocker' killed (killed, addr 0x0)
[kernel] spawn pid 217 'bin/blocker': entry=0x400a78, 22 pages mapped, quota 128 pages
[kernel] pid 217 'bin/blocker' killed (killed, addr 0x0)
[kernel] spawn pid 218 'bin/blocker': entry=0x400a78, 22 pages mapped, quota 128 pages
[kernel] pid 218 'bin/blocker' killed (killed, addr 0x0)
[kernel] spawn pid 219 'bin/blocker': entry=0x400a78, 22 pages mapped, quota 128 pages
[kernel] pid 219 'bin/blocker' killed (killed, addr 0x0)
[kernel] spawn pid 220 'bin/blocker': entry=0x400a78, 22 pages mapped, quota 128 pages
[kernel] pid 220 'bin/blocker' killed (killed, addr 0x0)
[kernel] spawn pid 221 'bin/blocker': entry=0x400a78, 22 pages mapped, quota 128 pages
[kernel] pid 221 'bin/blocker' killed (killed, addr 0x0)
[init] kill while in wait_any with timeout: frames free 2089848 -> 2089848, heap used 15616 -> 15616, live processes 1
[init] PASS K03: 20 kill-while-in-wait_any cycles release the timer entry at once
[init] --- K02: clock: wall-clock time is plausible and advances with the tick
[init] clock: 1791228227 s since the Unix epoch
[init] PASS K02: clock: wall-clock time is plausible and advances with the tick
[init] --- K02: the kernel command line reads back whole, and only with the STATS right
[init] kernel command line: ""
[init] PASS K02: the kernel command line reads back whole, and only with the STATS right
[init] entropy: available
[init] --- K02: random: requests are checked, and refused outright without a source
[init] PASS K02: random: requests are checked, and refused outright without a source
[init] --- K02: random: 4 KiB look like noise, and no draw repeats
[init] random: 4096 bytes, chi-square 267 over 255 degrees of freedom, 16199 of 32768 bits set
[init] PASS K02: random: 4 KiB look like noise, and no draw repeats
[init] --- NET: the network lease needs the NET right and is exclusive
[init] PASS NET: the network lease needs the NET right and is exclusive
[init] --- NET: the device reports its address, link and frame size
[init] network: mac 52:54:00:12:34:56, link up, mtu 1500
[init] PASS NET: the device reports its address, link and frame size
[init] --- NET: ARP: the gateway answers who-has 10.0.2.2
[init] network: 10.0.2.2 is at 52:55:0a:00:02:02 (1 ms)
[init] PASS NET: ARP: the gateway answers who-has 10.0.2.2
[init] --- NET: ICMP echo to the gateway comes back intact
[init] network: echo 1 (32 byte payload) back in 1 ms
[init] network: echo 2 (512 byte payload) back in 1 ms
[init] network: echo 3 (1472 byte payload) back in 1 ms
[init] network: 5 frames received, 5 sent, 0 dropped
[init] PASS NET: ICMP echo to the gateway comes back intact
[init] --- NET: a frame arriving while the receiver sleeps wakes it
[kernel] spawn pid 222 'bin/blocker': entry=0x400a78, 22 pages mapped, quota 128 pages
[kernel] pid 222 'bin/blocker' exited with code 0
[init] network: asleep 301 ms; the frame left 300 ms into the sleep and woke the receiver 1 ms later
[init] PASS NET: a frame arriving while the receiver sleeps wakes it
[init] --- NET: malformed transmit and receive requests are refused
[init] PASS NET: malformed transmit and receive requests are refused
[init] --- NET: the network service gets an address by DHCP and describes it
[kernel] spawn pid 223 'bin/spacenet': entry=0x411004, 45 pages mapped, quota 256 pages
[net] Space OS network service, ABI v0
[net] attached: mac 52:54:00:12:34:56, link up; asking DHCP for an address
[net] DHCP: address 10.0.2.15/24, router none, DNS server none
[init] network service: 10.0.2.15/24 via 0.0.0.0, DNS 0.0.0.0, configured in 17 ms
[net] DNS: using 10.0.2.53:53 (over TCP)
[net] session 1 opened; nothing is allowed yet
[net] session 1: allow echo.lab.test, port 7
[net] session 1: allow alias.lab.test, port 7
[net] session 1: allow reset.lab.test, port 9
[net] session 1: allow chargen.lab.test, port 19
[net] session 1: allow blackhole.lab.test, port 80
[net] session 1: allow closed.lab.test, port 8
[net] session 1: allow nosuch.lab.test, any port
[init] PASS NET: the network service gets an address by DHCP and describes it
[init] --- NET: names resolve through the lab DNS server; unknown names do not
[net] DNS: echo.lab.test is 10.0.2.101 (7 ms)
[init] network: echo.lab.test is 10.0.2.101 (11 ms)
[net] DNS: alias.lab.test is 10.0.2.101 (5 ms)
[init] network: alias.lab.test is 10.0.2.101 (8 ms)
[net] DNS: ECHO.Lab.Test is 10.0.2.101 (5 ms)
[init] network: ECHO.Lab.Test is 10.0.2.101 (7 ms)
[net] DNS: nosuch.lab.test: not found
[init] PASS NET: names resolve through the lab DNS server; unknown names do not
[init] --- NET: 64 KiB go to the echo service and come back intact over TCP
[net] DNS: echo.lab.test is 10.0.2.101 (3 ms)
[net] session 1: connected to echo.lab.test:7 (10.0.2.101) in 1007 ms
[net] session 1: echo.lab.test:7 closed: 65536 bytes out, 65536 in
[init] network: 65536 bytes to the echo service and back in 1025 ms
[init] PASS NET: 64 KiB go to the echo service and come back intact over TCP
[init] --- NET: destinations off the allowlist are refused before a frame leaves
[net] session 1: refused to connect to api.cloud.test port 80: not on its allowlist
[net] session 1: refused to connect to echo.lab.test port 8: not on its allowlist
[net] session 1: refused to connect to 10.0.2.101 port 7: not on its allowlist
[net] session 1: refused to look up api.cloud.test: not on its allowlist
[init] network: 4 refusals counted (0 -> 4); no frame sent meanwhile
[init] PASS NET: destinations off the allowlist are refused before a frame leaves
[init] --- NET: a connection nobody answers times out
[net] DNS: blackhole.lab.test is 10.0.2.77 (4 ms)
[net] session 1: blackhole.lab.test:80: timed out after 500 ms
[init] network: blackhole.lab.test:80 gave Err(TimedOut) after 503 ms
[init] PASS NET: a connection nobody answers times out
[init] --- NET: a port nobody listens on refuses the connection
[net] DNS: closed.lab.test is 10.0.2.101 (4 ms)
[net] session 1: closed.lab.test:8: connection refused after 7 ms
[init] network: closed.lab.test:8 gave Err(Refused) after 9 ms
[init] PASS NET: a port nobody listens on refuses the connection
[init] --- NET: a connection the peer resets is reported as reset
[net] DNS: reset.lab.test is 10.0.2.102 (3 ms)
[net] session 1: connected to reset.lab.test:9 (10.0.2.102) in 1006 ms
[net] session 1: reset.lab.test:9: connection reset after 1304 ms
[init] network: the resetting service answered Err(Reset) after 297 ms
[init] PASS NET: a connection the peer resets is reported as reset
[init] --- NET: closing a connection the peer is still sending on resets it, so the peer stops
[net] DNS: chargen.lab.test is 10.0.2.101 (5 ms)
[net] session 1: connected to chargen.lab.test:19 (10.0.2.101) in 8 ms
[init] network: read 2056 bytes of a stream that keeps coming, then closed it
[init] PASS NET: closing a connection the peer is still sending on resets it, so the peer stops
[init] --- NET: 20 connections open and close without leaking kernel memory
[net] DNS: echo.lab.test is 10.0.2.101 (4 ms)
[net] session 1: connected to echo.lab.test:7 (10.0.2.101) in 6 ms
[net] session 1: echo.lab.test:7 closed: 4 bytes out, 4 in
[net] DNS: echo.lab.test is 10.0.2.101 (4 ms)
[net] session 1: connected to echo.lab.test:7 (10.0.2.101) in 6 ms
[net] session 1: echo.lab.test:7 closed: 4 bytes out, 4 in
[net] DNS: echo.lab.test is 10.0.2.101 (3 ms)
[net] session 1: connected to echo.lab.test:7 (10.0.2.101) in 5 ms
[net] session 1: echo.lab.test:7 closed: 4 bytes out, 4 in
[net] DNS: echo.lab.test is 10.0.2.101 (5 ms)
[net] session 1: connected to echo.lab.test:7 (10.0.2.101) in 8 ms
[net] session 1: echo.lab.test:7 closed: 4 bytes out, 4 in
[net] DNS: echo.lab.test is 10.0.2.101 (3 ms)
[net] session 1: connected to echo.lab.test:7 (10.0.2.101) in 6 ms
[net] session 1: echo.lab.test:7 closed: 4 bytes out, 4 in
[net] DNS: echo.lab.test is 10.0.2.101 (4 ms)
[net] session 1: connected to echo.lab.test:7 (10.0.2.101) in 7 ms
[net] session 1: echo.lab.test:7 closed: 4 bytes out, 4 in
[net] DNS: echo.lab.test is 10.0.2.101 (4 ms)
[net] session 1: connected to echo.lab.test:7 (10.0.2.101) in 7 ms
[net] session 1: echo.lab.test:7 closed: 4 bytes out, 4 in
[net] DNS: echo.lab.test is 10.0.2.101 (4 ms)
[net] session 1: connected to echo.lab.test:7 (10.0.2.101) in 7 ms
[net] session 1: echo.lab.test:7 closed: 4 bytes out, 4 in
[net] DNS: echo.lab.test is 10.0.2.101 (4 ms)
[net] session 1: connected to echo.lab.test:7 (10.0.2.101) in 6 ms
[net] session 1: echo.lab.test:7 closed: 4 bytes out, 4 in
[net] DNS: echo.lab.test is 10.0.2.101 (3 ms)
[net] session 1: connected to echo.lab.test:7 (10.0.2.101) in 5 ms
[net] session 1: echo.lab.test:7 closed: 4 bytes out, 4 in
[net] DNS: echo.lab.test is 10.0.2.101 (3 ms)
[net] session 1: connected to echo.lab.test:7 (10.0.2.101) in 5 ms
[net] session 1: echo.lab.test:7 closed: 4 bytes out, 4 in
[net] DNS: echo.lab.test is 10.0.2.101 (4 ms)
[net] session 1: connected to echo.lab.test:7 (10.0.2.101) in 5 ms
[net] session 1: echo.lab.test:7 closed: 4 bytes out, 4 in
[net] DNS: echo.lab.test is 10.0.2.101 (3 ms)
[net] session 1: connected to echo.lab.test:7 (10.0.2.101) in 6 ms
[net] session 1: echo.lab.test:7 closed: 4 bytes out, 4 in
[net] DNS: echo.lab.test is 10.0.2.101 (5 ms)
[net] session 1: connected to echo.lab.test:7 (10.0.2.101) in 7 ms
[net] session 1: echo.lab.test:7 closed: 4 bytes out, 4 in
[net] DNS: echo.lab.test is 10.0.2.101 (3 ms)
[net] session 1: connected to echo.lab.test:7 (10.0.2.101) in 5 ms
[net] session 1: echo.lab.test:7 closed: 4 bytes out, 4 in
[net] DNS: echo.lab.test is 10.0.2.101 (4 ms)
[net] session 1: connected to echo.lab.test:7 (10.0.2.101) in 6 ms
[net] session 1: echo.lab.test:7 closed: 4 bytes out, 4 in
[net] DNS: echo.lab.test is 10.0.2.101 (2 ms)
[net] session 1: connected to echo.lab.test:7 (10.0.2.101) in 3 ms
[net] session 1: echo.lab.test:7 closed: 4 bytes out, 4 in
[net] DNS: echo.lab.test is 10.0.2.101 (3 ms)
[net] session 1: connected to echo.lab.test:7 (10.0.2.101) in 6 ms
[net] session 1: echo.lab.test:7 closed: 4 bytes out, 4 in
[net] DNS: echo.lab.test is 10.0.2.101 (4 ms)
[net] session 1: connected to echo.lab.test:7 (10.0.2.101) in 5 ms
[net] session 1: echo.lab.test:7 closed: 4 bytes out, 4 in
[net] DNS: echo.lab.test is 10.0.2.101 (3 ms)
[net] session 1: connected to echo.lab.test:7 (10.0.2.101) in 5 ms
[net] session 1: echo.lab.test:7 closed: 4 bytes out, 4 in
[net] DNS: echo.lab.test is 10.0.2.101 (2 ms)
[net] session 1: connected to echo.lab.test:7 (10.0.2.101) in 5 ms
[net] session 1: echo.lab.test:7 closed: 4 bytes out, 4 in
[net] DNS: echo.lab.test is 10.0.2.101 (4 ms)
[net] session 1: connected to echo.lab.test:7 (10.0.2.101) in 6 ms
[net] session 1: echo.lab.test:7 closed: 4 bytes out, 4 in
[net] DNS: echo.lab.test is 10.0.2.101 (4 ms)
[net] session 1: connected to echo.lab.test:7 (10.0.2.101) in 6 ms
[net] session 1: echo.lab.test:7 closed: 4 bytes out, 4 in
[init] network connections: frames free 2089626 -> 2089626, heap used 17928 -> 17928, live processes 2
[init] PASS NET: 20 connections open and close without leaking kernel memory
[init] SKIP TLS: TLS 1.3 with ChaCha20-Poly1305: 16 KiB go both ways intact, and close_notify ends it (no disk, which holds the lab authority's certificate)
[init] SKIP TLS: TLS 1.3 with AES-128-GCM: 16 KiB go both ways intact, and close_notify ends it (no disk, which holds the lab authority's certificate)
[init] SKIP TLS: TLS 1.3 with AES-256-GCM: 16 KiB go both ways intact, and close_notify ends it (no disk, which holds the lab authority's certificate)
[init] SKIP TLS: an expired certificate is refused (no disk, which holds the lab authority's certificate)
[init] SKIP TLS: a certificate for another name is refused (no disk, which holds the lab authority's certificate)
[init] SKIP TLS: a certificate from an unknown authority is refused (no disk, which holds the lab authority's certificate)
[init] SKIP TLS: a record altered on the way is caught (no disk, which holds the lab authority's certificate)
[init] SKIP TLS: a connection cut short without close_notify is reported as truncated (no disk, which holds the lab authority's certificate)
[init] SKIP I01: the adapter holds the credential, and the provider refuses a wrong one (no disk, which holds the lab authority's certificate)
[init] SKIP I01: answers stream back as the provider writes them, and cost what it reports (no disk, which holds the lab authority's certificate)
[init] SKIP I01: the model's tool calls go through the Tool Broker, inside the workspace (no disk, which holds the lab authority's certificate)
[init] SKIP I01: a tool call for the credential is refused, and the provider hears only that (no disk, which holds the lab authority's certificate)
[init] SKIP I01: a stalled answer ends at the deadline, and the adapter keeps serving (no disk, which holds the lab authority's certificate)
[init] SKIP I01: an overloaded provider is tried three times, and no more (no disk, which holds the lab authority's certificate)
[init] SKIP I01: an answer nested deep enough to exhaust a stack is refused, and the adapter lives on (no disk, which holds the lab authority's certificate)
[init] SKIP I01: a provider streaming past what was reserved is cut off, and charged what it used (no disk, which holds the lab authority's certificate)
[init] SKIP I01: an ask that could exceed the budget is refused before a frame leaves (no disk, which holds the lab authority's certificate)
[init] SKIP I01: local-only work is refused before a frame leaves (no disk, which holds the lab authority's certificate)
[init] SKIP I01: the adapter quits cleanly, and the broker's audit holds every tool call (no disk, which holds the lab authority's certificate)
[init] --- NET: killing the service fails its clients and frees the device; a new one serves and quits
[net] DNS: echo.lab.test is 10.0.2.101 (3 ms)
[net] session 1: connected to echo.lab.test:7 (10.0.2.101) in 4 ms
[kernel] pid 223 'bin/spacenet' killed (killed, addr 0x0)
[kernel] spawn pid 224 'bin/spacenet': entry=0x411004, 45 pages mapped, quota 256 pages
[net] Space OS network service, ABI v0
[net] attached: mac 52:54:00:12:34:56, link up; asking DHCP for an address
[net] DHCP: address 10.0.2.15/24, router none, DNS server none
[init] network service: 10.0.2.15/24 via 0.0.0.0, DNS 0.0.0.0, configured in 19 ms
[net] DNS: using 10.0.2.53:53 (over TCP)
[net] session 1 opened; nothing is allowed yet
[net] session 1: allow echo.lab.test, port 7
[net] session 1: allow alias.lab.test, port 7
[net] session 1: allow reset.lab.test, port 9
[net] session 1: allow chargen.lab.test, port 19
[net] session 1: allow blackhole.lab.test, port 80
[net] session 1: allow closed.lab.test, port 8
[net] session 1: allow nosuch.lab.test, any port
[net] DNS: echo.lab.test is 10.0.2.101 (9 ms)
[net] session 1: connected to echo.lab.test:7 (10.0.2.101) in 1015 ms
[net] session 1: echo.lab.test:7 closed: 4 bytes out, 4 in
[net] closing: 1 connections opened, 0 refused, 1 names resolved; 13 frames in, 15 out, 0 dropped
[kernel] pid 224 'bin/spacenet' exited with code 0
[init] PASS NET: killing the service fails its clients and frees the device; a new one serves and quits
[init] --- D01: SHA-256 in the guest matches the published test vectors
[init] PASS D01: SHA-256 in the guest matches the published test vectors
[init] SKIP D01: model file read from the guest disk matches the manifest checksum (no disk on this machine)
[init] SKIP D01: file API rejects bad paths, missing rights and bad buffers (no disk on this machine)
[init] --- C01: Compute ABI: version negotiation, device query and queue lifetime
[kernel] spawn pid 225 'bin/spacecompute': entry=0x4047ac, 28 pages mapped, quota 4096 pages
[compute] Space Compute service, ABI v0, CPU backend
[compute] rejecting ABI v99 (this service speaks v0)
[init] compute device: CPU backend, ABI v0, buffers up to 64 MiB
[compute] shutdown requested; exiting
[kernel] pid 225 'bin/spacecompute' exited with code 0
[init] PASS C01: Compute ABI: version negotiation, device query and queue lifetime
[init] --- C01: Compute ABI: shared buffers, operations, bounds, unsupported ops
[kernel] spawn pid 226 'bin/spacecompute': entry=0x4047ac, 28 pages mapped, quota 4096 pages
[compute] Space Compute service, ABI v0, CPU backend
[compute] shutdown requested; exiting
[kernel] pid 226 'bin/spacecompute' exited with code 0
[init] PASS C01: Compute ABI: shared buffers, operations, bounds, unsupported ops
[init] --- C01: Compute ABI: a long operation times out, resumes and can be cancelled
[kernel] spawn pid 227 'bin/spacecompute': entry=0x4047ac, 28 pages mapped, quota 4096 pages
[compute] Space Compute service, ABI v0, CPU backend
[compute] shutdown requested; exiting
[kernel] pid 227 'bin/spacecompute' exited with code 0
[init] PASS C01: Compute ABI: a long operation times out, resumes and can be cancelled
[init] --- C01: a mapped memory object outlives the close of its last handle
[init] PASS C01: a mapped memory object outlives the close of its last handle
[init] --- C01: compute service teardown returns every frame it allocated
[kernel] spawn pid 228 'bin/spacecompute': entry=0x4047ac, 28 pages mapped, quota 4096 pages
[compute] Space Compute service, ABI v0, CPU backend
[compute] shutdown requested; exiting
[kernel] pid 228 'bin/spacecompute' exited with code 0
[kernel] spawn pid 229 'bin/spacecompute': entry=0x4047ac, 28 pages mapped, quota 4096 pages
[compute] Space Compute service, ABI v0, CPU backend
[compute] shutdown requested; exiting
[kernel] pid 229 'bin/spacecompute' exited with code 0
[kernel] spawn pid 230 'bin/spacecompute': entry=0x4047ac, 28 pages mapped, quota 4096 pages
[compute] Space Compute service, ABI v0, CPU backend
[compute] shutdown requested; exiting
[kernel] pid 230 'bin/spacecompute' exited with code 0
[init] compute cycles: frames free 2089848 -> 2089848, heap used 15648 -> 15648
[init] PASS C01: compute service teardown returns every frame it allocated
[init] SKIP A01: native inference: a small model generates 128 tokens matching the pinned baseline (no disk on this machine)
[init] --- U01: session service survives a crashed worker and keeps serving Stop and the file manager
[kernel] spawn pid 231 'bin/spaceshell': entry=0x4037fc, 28 pages mapped, quota 192 pages
[shell] Space OS session service, ABI v0
[shell] session open, ABI v0
[shell] session: worker idle (-), commands served 1
[shell] terminal ready on the console; type 'help'
space> [kernel] spawn pid 232 'bin/uiworker': entry=0x4003c0, 21 pages mapped, quota 128 pages
[worker] job 'crash' starting
[shell] started worker 'crash'
[worker] job 'crash' is about to fault
[shell] session: worker running (crash), commands served 3
[kernel] pid 232 'bin/uiworker' killed: page fault at rip=0x400280 (error=0x4, addr=0x0)
[kernel] pid 232 'bin/uiworker' killed (page fault, addr 0x0)
[shell] worker 'crash' was killed: page fault (fault at 0x0); the session is unaffected
[shell] session: worker crashed (crash), commands served 4
[kernel] spawn pid 233 'bin/uiworker': entry=0x4003c0, 21 pages mapped, quota 128 pages
[shell] started worker 'hang'
[worker] job 'hang' starting
[shell] session: worker running (hang), commands served 7
[worker] job 'hang' is wedged and never calls the kernel again
[kernel] pid 233 'bin/uiworker' killed (killed, addr 0x0)
[shell] worker 'hang' ended: stopped
[shell] session: worker stopped (hang), commands served 10
[shell] Stop: worker 'hang' was killed after 8 ms
[kernel] spawn pid 234 'bin/uiworker': entry=0x4003c0, 21 pages mapped, quota 128 pages
[shell] started worker 'slow'
[worker] job 'slow' starting
[shell] session: worker running (slow), commands served 12
[worker] job 'slow' is sleeping
[kernel] pid 234 'bin/uiworker' killed (killed, addr 0x0)
[shell] worker 'slow' ended: stopped
[shell] session: worker stopped (slow), commands served 13
[shell] Stop: worker 'slow' was killed after 4 ms
[kernel] spawn pid 235 'bin/uiworker': entry=0x4003c0, 21 pages mapped, quota 128 pages
[shell] started worker 'ok'
[worker] job 'ok' starting
[shell] session: worker running (ok), commands served 15
[worker] job 'ok' finished (0x1df75ddf083b5b05)
[kernel] pid 235 'bin/uiworker' exited with code 0
[shell] worker 'ok' ended: done
[shell] session: worker done (ok), commands served 17
[init] session served 20 commands and outlived 4 workers
[shell] session closed after 21 commands
[kernel] pid 231 'bin/spaceshell' exited with code 0
[init] PASS U01: session service survives a crashed worker and keeps serving Stop and the file manager
[init] --- U01: a session cannot exceed the capabilities it was given
[kernel] spawn pid 236 'bin/spaceshell': entry=0x4037fc, 28 pages mapped, quota 192 pages
[shell] Space OS session service, ABI v0
[shell] session open, ABI v0
[shell] session: worker idle (-), commands served 1
[shell] terminal ready on the console; type 'help'
space> [kernel] spawn pid 237 'bin/uiworker': entry=0x4003c0, 21 pages mapped, quota 128 pages
[worker] job 'ok' starting
[shell] started worker 'ok'
[shell] session: worker running (ok), commands served 3
[worker] job 'ok' finished (0x1df75ddf083b5b05)
[kernel] pid 237 'bin/uiworker' exited with code 0
[shell] worker 'ok' ended: done
[shell] session: worker done (ok), commands served 5
[kernel] console input: 8 byte(s) dropped, the buffer was full

[shell] input was lost; the line was discarded
space> IJKLMNOPQRSTUVWXYZABCDEFGHIJKLMNOPQRSTUVWXYZABCDEFGHIJKLMNOPQRSTUVWXYZABCDEFGHIJKLMNOPQRSTUVWXYZ[shell] session closed after 10 commands
[kernel] pid 236 'bin/spaceshell' exited with code 0
[init] PASS U01: a session cannot exceed the capabilities it was given
[init] SKIP U01: the model writes text in a session, Stop ends it between two compute steps, and the session answers on (no disk on this machine)
[init] --- U01: console input is a capability of its own and never blocks
[init] PASS U01: console input is a capability of its own and never blocks
[init] --- U01: a key press reaches user space through IRQ 1 and the decoder
[init] PASS U01: a key press reaches user space through IRQ 1 and the decoder
[init] --- U01: input lost to a full buffer is reported before the bytes that survived
[kernel] console input: 8 byte(s) dropped, the buffer was full
[init] PASS U01: input lost to a full buffer is reported before the bytes that survived
[init] --- U01: the desktop takes the screen, and one display server at a time
[kernel] spawn pid 238 'bin/spacedesk': entry=0x408d44, 44 pages mapped, quota 1400 pages
[kernel] display: leased to pid 238 'bin/spacedesk'; the console goes on on the serial port
[desk] Space OS desktop on a 1280x800 screen (BGRX)
[init] desktop: 1280x800 screen leased to the desktop; a second lease is refused
[desk] closed after 1 frames
[kernel] pid 238 'bin/spacedesk' exited with code 0
[kernel] display: returned to the console
[kernel] display: leased to pid 1 'bin/init'; the console goes on on the serial port
[kernel] display: returned to the console
[init] PASS U01: the desktop takes the screen, and one display server at a time
[init] --- U01: windows take the keyboard, move, resize, minimize, change workspace and close from the keyboard
[kernel] spawn pid 239 'bin/spacedesk': entry=0x408d44, 44 pages mapped, quota 1400 pages
[kernel] display: leased to pid 239 'bin/spacedesk'; the console goes on on the serial port
[desk] Space OS desktop on a 1280x800 screen (BGRX)
[kernel] spawn pid 240 'bin/deskapps': entry=0x40c7a4, 47 pages mapped, quota 1536 pages
[desk] starting terminal
[kernel] spawn pid 241 'bin/spaceshell': entry=0x4037fc, 28 pages mapped, quota 256 pages
[shell] Space OS session service, ABI v0
[shell] session open, ABI v0
[shell] session: worker idle (-), commands served 1
[shell] no console capability (permission denied); channel control only
[deskterm] Space OS terminal; type 'help'
[desk] window 1 'Terminal' (terminal) opened at 20,70, 720x400
[desk] focus: 'Terminal' (window 1)
[kernel] spawn pid 242 'bin/deskapps': entry=0x40c7a4, 47 pages mapped, quota 1536 pages
[desk] starting files
[deskfiles] /: not found
[desk] window 2 'Files' (files) opened at 780,70, 460x360
[desk] focus: 'Files' (window 2)
[desk] focus: 'Terminal' (window 1)
[desk] shortcut Alt+Tab
[desk] moved 'Terminal' to 52,70
[desk] shortcut Alt+Right
[desk] resized 'Terminal' to 720x432
[desk] shortcut Alt+Shift+Down
[desk] minimized 'Terminal'
[desk] focus: 'Files' (window 2)
[desk] shortcut Super+M
[desk] workspace 2
[desk] shortcut Ctrl+Alt+Right
[desk] workspace 1
[desk] focus: 'Files' (window 2)
[desk] shortcut Ctrl+Alt+Left
[desk] restored 'Terminal'
[desk] focus: 'Terminal' (window 1)
[desk] shortcut Alt+Tab
[desk] focus: 'Files' (window 2)
[desk] shortcut Alt+Tab
[desk] asked 'Files' to close
[desk] shortcut Alt+F4
[kernel] pid 242 'bin/deskapps' exited with code 0
[desk] window 2 'Files' closed: the app closed its window
[desk] focus: 'Terminal' (window 1)
[init] desktop: focus, move, resize, minimize, workspaces and close all worked; 4 frames presented
[shell] session closed after 2 commands
[kernel] pid 241 'bin/spaceshell' exited with code 0
[kernel] pid 240 'bin/deskapps' exited with code 0
[desk] window 1 'Terminal' closed: the app closed its window
[desk] closed after 4 frames
[kernel] pid 239 'bin/spacedesk' exited with code 0
[kernel] display: returned to the console
[init] PASS U01: windows take the keyboard, move, resize, minimize, change workspace and close from the keyboard
[init] SKIP U01: the desktop, terminal, file manager and Stop keep working while inference workers crash (no framebuffer or no disk on this machine)
[init] SKIP U01: the model writes text in the Agent Center, Stop ends it between two steps, and the terminal answers (no framebuffer or no disk on this machine)
[init] SKIP L01: the Command Center searches the index, shows where each result came from, bundles it and opens it in Files (no framebuffer or no disk on this machine)
[init] --- U01: a desktop that is killed gives the screen back, and a new one starts
[kernel] spawn pid 243 'bin/spacedesk': entry=0x408d44, 44 pages mapped, quota 1400 pages
[kernel] display: leased to pid 243 'bin/spacedesk'; the console goes on on the serial port
[desk] Space OS desktop on a 1280x800 screen (BGRX)
[kernel] spawn pid 244 'bin/deskapps': entry=0x40c7a4, 47 pages mapped, quota 1536 pages
[desk] starting terminal
[kernel] spawn pid 245 'bin/spaceshell': entry=0x4037fc, 28 pages mapped, quota 256 pages
[shell] Space OS session service, ABI v0
[shell] session open, ABI v0
[shell] session: worker idle (-), commands served 1
[shell] no console capability (permission denied); channel control only
[deskterm] Space OS terminal; type 'help'
[desk] window 1 'Terminal' (terminal) opened at 20,70, 720x400
[kernel] pid 243 'bin/spacedesk' killed (killed, addr 0x0)
[kernel] display: returned to the console
[kernel] display: leased to pid 1 'bin/init'; the console goes on on the serial port
[shell] session closed after 2 commands
[kernel] pid 245 'bin/spaceshell' exited with code 0
[kernel] display: returned to the console
[kernel] spawn pid 246 'bin/spacedesk': entry=0x408d44, 44 pages mapped, quota 1400 pages
[kernel] display: leased to pid 246 'bin/spacedesk'; the console goes on on the serial port
[desk] Space OS desktop on a 1280x800 screen (BGRX)
[kernel] pid 244 'bin/deskapps' exited with code 0
[kernel] spawn pid 247 'bin/deskapps': entry=0x40c7a4, 47 pages mapped, quota 1536 pages
[desk] starting terminal
[kernel] spawn pid 248 'bin/spaceshell': entry=0x4037fc, 28 pages mapped, quota 256 pages
[shell] Space OS session service, ABI v0
[shell] session open, ABI v0
[shell] session: worker idle (-), commands served 1
[shell] no console capability (permission denied); channel control only
[deskterm] Space OS terminal; type 'help'
[desk] window 1 'Terminal' (terminal) opened at 20,70, 720x400
[desk] focus: 'Terminal' (window 1)
[shell] session closed after 2 commands
[kernel] pid 248 'bin/spaceshell' exited with code 0
[kernel] pid 247 'bin/deskapps' exited with code 0
[desk] window 1 'Terminal' closed: the app closed its window
[desk] closed after 2 frames
[kernel] pid 246 'bin/spacedesk' exited with code 0
[kernel] display: returned to the console
[init] desktop: killed with a window open, the screen came back, and a new desktop started
[init] PASS U01: a desktop that is killed gives the screen back, and a new one starts
[init] SKIP D01: a written file reads back byte for byte (no disk on this machine)
[init] SKIP D01: writing is a right of its own (no disk on this machine)
[init] SKIP D01: the volume remembers across a reboot (no disk on this machine)
[init] SKIP U01: the file manager lists the guest volume (no disk on this machine)
[init] SKIP G01: agent reads, patches and checks inside its workspace (no disk on this machine)
[init] --- G01: every way out of the workspace is refused and recorded
[kernel] spawn pid 249 'bin/spacebroker': entry=0x4039fc, 29 pages mapped, quota 256 pages
[broker] Space OS Tool Broker, ABI v0, workspace /spaceos/ws
[broker] operator attached, ABI v0
[broker] serving an agent
[broker] read /spaceos/manifest.txt -> denied-scope
[broker] write /spaceos/ws/../stolen.txt -> denied-scope
[broker] read /spaceos/ws/sub/deep.txt -> denied-scope
[broker] read /spaceos/ws//double.txt -> denied-scope
[broker] read /spaceos/wsx/other.txt -> denied-scope
[broker] read spaceos/ws/relative.txt -> denied-scope
[broker] list / -> denied-scope
[broker] list /spaceos -> denied-scope
[broker] audit - -> denied-tool
[broker] attach - -> denied-tool
[broker] quit - -> denied-tool
[broker] ? - -> denied-tool
[broker] read /spaceos/ws/nope.txt -> failed
[broker] check not-a-check -> failed
[broker] malformed tool request of 5 bytes
[broker] agent reported done
[init] audit after the escape attempts: 17 entries, 3 allowed, 14 refused
[broker] closing: 17 tool calls, 14 refused
[kernel] pid 249 'bin/spacebroker' exited with code 0
[init] PASS G01: every way out of the workspace is refused and recorded
[init] --- G01: the broker outlives an agent that disappears
[kernel] spawn pid 250 'bin/spacebroker': entry=0x4039fc, 29 pages mapped, quota 256 pages
[broker] Space OS Tool Broker, ABI v0, workspace /spaceos/ws
[broker] operator attached, ABI v0
[broker] serving an agent
[broker] agent is gone; the workspace is unchanged from here on
[broker] closing: 1 tool calls, 0 refused
[kernel] pid 250 'bin/spacebroker' exited with code 0
[init] PASS G01: the broker outlives an agent that disappears
[init] SKIP L01: corpus is indexed and queries return ranked chunks with verifiable provenance (no disk on this machine)
[init] SKIP L02: a revoked document leaves every result and does not return on re-index (no disk on this machine)
[init] SKIP L02: a revocation outlives the process that made it (no disk on this machine)
[init] SKIP L03: a context bundle fits its budget, is reproducible and carries provenance (no disk on this machine)
[init] SKIP L01: a changed file is re-indexed on its own, and the next search answers from the new text (no disk on this machine)
[init] --- P01: HMAC-SHA256 matches the RFC 4231 test vectors
[init] PASS P01: HMAC-SHA256 matches the RFC 4231 test vectors
[init] SKIP P01: packages install only when they authenticate, and a refusal changes nothing (no disk on this machine)
[init] SKIP P01: an install outlives the process that performed it (no disk on this machine)
[init] SKIP P01: rollback returns the previous version, and only as far as the history goes (no disk on this machine)
[init] skipped: TLS TLS 1.3 with ChaCha20-Poly1305: 16 KiB go both ways intact, and close_notify ends it: no disk, which holds the lab authority's certificate
[init] skipped: TLS TLS 1.3 with AES-128-GCM: 16 KiB go both ways intact, and close_notify ends it: no disk, which holds the lab authority's certificate
[init] skipped: TLS TLS 1.3 with AES-256-GCM: 16 KiB go both ways intact, and close_notify ends it: no disk, which holds the lab authority's certificate
[init] skipped: TLS an expired certificate is refused: no disk, which holds the lab authority's certificate
[init] skipped: TLS a certificate for another name is refused: no disk, which holds the lab authority's certificate
[init] skipped: TLS a certificate from an unknown authority is refused: no disk, which holds the lab authority's certificate
[init] skipped: TLS a record altered on the way is caught: no disk, which holds the lab authority's certificate
[init] skipped: TLS a connection cut short without close_notify is reported as truncated: no disk, which holds the lab authority's certificate
[init] skipped: I01 the adapter holds the credential, and the provider refuses a wrong one: no disk, which holds the lab authority's certificate
[init] skipped: I01 answers stream back as the provider writes them, and cost what it reports: no disk, which holds the lab authority's certificate
[init] skipped: I01 the model's tool calls go through the Tool Broker, inside the workspace: no disk, which holds the lab authority's certificate
[init] skipped: I01 a tool call for the credential is refused, and the provider hears only that: no disk, which holds the lab authority's certificate
[init] skipped: I01 a stalled answer ends at the deadline, and the adapter keeps serving: no disk, which holds the lab authority's certificate
[init] skipped: I01 an overloaded provider is tried three times, and no more: no disk, which holds the lab authority's certificate
[init] skipped: I01 an answer nested deep enough to exhaust a stack is refused, and the adapter lives on: no disk, which holds the lab authority's certificate
[init] skipped: I01 a provider streaming past what was reserved is cut off, and charged what it used: no disk, which holds the lab authority's certificate
[init] skipped: I01 an ask that could exceed the budget is refused before a frame leaves: no disk, which holds the lab authority's certificate
[init] skipped: I01 local-only work is refused before a frame leaves: no disk, which holds the lab authority's certificate
[init] skipped: I01 the adapter quits cleanly, and the broker's audit holds every tool call: no disk, which holds the lab authority's certificate
[init] skipped: D01 model file read from the guest disk matches the manifest checksum: no disk on this machine
[init] skipped: D01 file API rejects bad paths, missing rights and bad buffers: no disk on this machine
[init] skipped: A01 native inference: a small model generates 128 tokens matching the pinned baseline: no disk on this machine
[init] skipped: U01 the model writes text in a session, Stop ends it between two compute steps, and the session answers on: no disk on this machine
[init] skipped: U01 the desktop, terminal, file manager and Stop keep working while inference workers crash: no framebuffer or no disk on this machine
[init] skipped: U01 the model writes text in the Agent Center, Stop ends it between two steps, and the terminal answers: no framebuffer or no disk on this machine
[init] skipped: L01 the Command Center searches the index, shows where each result came from, bundles it and opens it in Files: no framebuffer or no disk on this machine
[init] skipped: D01 a written file reads back byte for byte: no disk on this machine
[init] skipped: D01 writing is a right of its own: no disk on this machine
[init] skipped: D01 the volume remembers across a reboot: no disk on this machine
[init] skipped: U01 the file manager lists the guest volume: no disk on this machine
[init] skipped: G01 agent reads, patches and checks inside its workspace: no disk on this machine
[init] skipped: L01 corpus is indexed and queries return ranked chunks with verifiable provenance: no disk on this machine
[init] skipped: L02 a revoked document leaves every result and does not return on re-index: no disk on this machine
[init] skipped: L02 a revocation outlives the process that made it: no disk on this machine
[init] skipped: L03 a context bundle fits its budget, is reproducible and carries provenance: no disk on this machine
[init] skipped: L01 a changed file is re-indexed on its own, and the next search answers from the new text: no disk on this machine
[init] skipped: P01 packages install only when they authenticate, and a refusal changes nothing: no disk on this machine
[init] skipped: P01 an install outlives the process that performed it: no disk on this machine
[init] skipped: P01 rollback returns the previous version, and only as far as the history goes: no disk on this machine
[init] ALL TESTS PASSED (78/78, 39 skipped)
[kernel] shutdown requested by pid 1 'bin/init' with code 0 (uptime 8123 ms, 4759 context switches)
