BdsDxe: failed to load Boot0001 "UEFI Non-Block Boot Device" from PciRoot(0x0)/Pci(0x2,0x0): Not Found
BdsDxe: loading Boot0002 "UEFI QEMU HARDDISK QM00001 " from PciRoot(0x0)/Pci(0x1F,0x2)/Sata(0x0,0xFFFF,0x0)
BdsDxe: starting Boot0002 "UEFI QEMU HARDDISK QM00001 " from PciRoot(0x0)/Pci(0x1F,0x2)/Sata(0x0,0xFFFF,0x0)
spaceboot 0.1.0: Space OS UEFI bootloader
spaceboot: kernel 336640 bytes, initrd 3812352 bytes, config 77 bytes
spaceboot: kernel 3 segments, 328 KiB at phys 0x7d568000, entry 0xffffffff80100aac
spaceboot: linear map 8196 MiB of RAM below 0x280000000 at 0xffff800000000000 (device MMIO excluded), framebuffer 1280x800 @ 0x80000000
spaceboot: exiting boot services and jumping to kernel

spacekernel 0.1.0: Space OS kernel booting
[kernel] boot info ok: 34 memory regions, initrd 3812352 bytes, cmdline 18 bytes, rsdp 0x7f77e014
[kernel] gdt/tss loaded (IST stacks: double fault, NMI, debug, machine check)
[kernel] idt loaded (256 vectors)
[kernel] cpu: x87/SSE/AVX off for user space (no per-thread FPU state); RDRAND absent
[kernel] frames: 2094382 usable (8181 MiB), bitmap 320 KiB at 0x100000; reserved 12547 MiB, kernel 4 MiB, acpi 2 MiB, mmio 4 MiB
[kernel] paging: kernel PML4 at 0x1000; linear map 10 GiB at 0xffff800000000000; boot identity map dropped
[kernel] heap: 16 MiB at 0xffff900000000000
[kernel] kernel stacks: 4096 slots of 64 KiB (32 KiB mapped) at 0xffffa00000000000
[kernel] mmio window: 1024 MiB at 0xffffb00000000000
[kernel] memory: 8181 MiB usable, 8165 MiB free after kernel init
[kernel] boot context moved to a guarded kernel stack (top 0xffffa00000010000)
[kernel] framebuffer: 1280x800 (BGRX), text console 182x50
[kernel] cmdline: "init=bin/spacedesk"
[kernel] initrd: 3812352 bytes, 28 files
[kernel]   bin/init (459736 bytes)
[kernel]   bin/hello (21064 bytes)
[kernel]   bin/fault (25168 bytes)
[kernel]   bin/abi_negative (53912 bytes)
[kernel]   bin/ipc_echo (21064 bytes)
[kernel]   bin/quota (25160 bytes)
[kernel]   bin/spin (21064 bytes)
[kernel]   bin/worker (29296 bytes)
[kernel]   bin/blocker (25176 bytes)
[kernel]   bin/spacecompute (49912 bytes)
[kernel]   bin/spaceai (74544 bytes)
[kernel]   bin/spaceshell (45744 bytes)
[kernel]   bin/uiworker (21064 bytes)
[kernel]   bin/spacebroker (53936 bytes)
[kernel]   bin/spaceagent (45776 bytes)
[kernel]   bin/spacelink (58032 bytes)
[kernel]   bin/spacepkg (49792 bytes)
[kernel]   bin/spaceterm (33464 bytes)
[kernel]   bin/spacenet (119504 bytes)
[kernel]   bin/tlsprobe (1074024 bytes)
[kernel]   bin/spacecloud (1184632 bytes)
[kernel]   bin/churn (25168 bytes)
[kernel]   bin/spacedesk (111344 bytes)
[kernel]   bin/deskapps (94912 bytes)
[kernel]   fixtures/bad_entry (21064 bytes)
[kernel]   fixtures/bad_magic (21064 bytes)
[kernel]   fixtures/truncated (600 bytes)
[kernel]   fixtures/huge_segment (21064 bytes)
[kernel] pci: 8 functions present
[kernel] virtio-blk: pci 00:02.0 queue size 16 (max 256), 8 data pages/request, writable with flush, status 0xf
[kernel] virtio-blk: ready, 64 MiB (131072 sectors)
[kernel] virtio-net: pci 00:04.0 mac 52:54:00:12:34:56 (from device), 32 receive and 32 transmit buffers, link up, status 0xf
[kernel] virtio-rng: pci 00:03.0 queue size 4, status 0xf
[kernel] entropy: virtio-rng
[kernel] vfs: FAT32 mounted from virtio-blk (512 byte clusters, 64 MiB volume)
[kernel] vfs: volume is writable
[kernel] pic remapped to vectors 32..47
[kernel] console input: keyboard (IRQ1); no COM2 UART
[kernel] pit: 1000 Hz (divisor 1193)
[kernel] syscall/sysret enabled (ABI v0)
[kernel] scheduler: 1000 Hz tick, 10 ms quantum
[kernel] rtc: 1790730484 s since the Unix epoch (UTC)
[kernel] selftest: heap ok, frames ok, paging ok, address-space ok, input decoding ok
[kernel] spawn pid 1 'bin/spacedesk': entry=0x40888c, 43 pages mapped, quota 2048 pages
[kernel] init spawned as pid 1 from bin/spacedesk
[kernel] entering idle loop; scheduler live
[kernel] display: leased to pid 1 'bin/spacedesk'; the console goes on on the serial port
[desk] Space OS desktop on a 1280x800 screen (BGRX)
[kernel] spawn pid 2 'bin/deskapps': entry=0x4075e4, 39 pages mapped, quota 1536 pages
[desk] starting terminal
[desk] desktop ready; Super+Enter opens a terminal, Ctrl+Alt+Delete shuts down
[kernel] spawn pid 3 'bin/spaceshell': entry=0x402ac0, 27 pages mapped, quota 256 pages
[shell] Space OS session service, ABI v0
[shell] session open, ABI v0
[shell] session: worker idle (-), commands served 1
[shell] no console capability (permission denied); channel control only
[deskterm] Space OS terminal; type 'help'
[desk] window 1 'Terminal' (terminal) opened at 20,70, 720x400
[desk] focus: 'Terminal' (window 1)
[deskterm] $ ls /spaceos
[shell] files in /spaceos: 14 entries [./ ../ MODEL.SLM MANIFEST.TXT BASELINE.TXT BADMAGIC.SLM BADDIMS.SLM TRUNC.SLM VAR/ WS/ DOCS/ TLS/ CRED/ PKG/]
[deskterm] /spaceos: 14 entries
[deskterm] ./  ../  MODEL.SLM  MANIFEST.TXT  BASELINE.TXT  BADMAGIC.SLM  BADDIMS.SLM  TRUNC.SLM  
[deskterm] VAR/  WS/  DOCS/  TLS/  CRED/  PKG/  
[kernel] spawn pid 4 'bin/deskapps': entry=0x4075e4, 39 pages mapped, quota 1536 pages
[desk] starting files
[desk] shortcut Super+E
[deskfiles] /spaceos: 14 entries
[desk] window 2 'Files' (files) opened at 780,70, 460x360
[desk] focus: 'Files' (window 2)
[kernel] spawn pid 5 'bin/deskapps': entry=0x4075e4, 39 pages mapped, quota 1536 pages
[desk] starting agent
[desk] shortcut Super+A
[kernel] spawn pid 6 'bin/spaceshell': entry=0x402ac0, 27 pages mapped, quota 256 pages
[shell] Space OS session service, ABI v0
[shell] session open, ABI v0
[shell] session: worker idle (-), commands served 1
[shell] no console capability (permission denied); channel control only
[deskagent] no worker has run
[desk] window 3 'Agent Center' (agent) opened at 20,510, 520x220
[desk] focus: 'Agent Center' (window 3)
[kernel] spawn pid 7 'bin/uiworker': entry=0x400710, 21 pages mapped, quota 128 pages
[shell] started worker 'crash'
[shell] session: worker running (crash), commands served 4
[worker] job 'crash' starting
[worker] job 'crash' is about to fault
[kernel] pid 7 'bin/uiworker' killed: page fault at rip=0x400280 (error=0x4, addr=0x0)
[kernel] pid 7 'bin/uiworker' killed (page fault, addr 0x0)
[deskagent] started 'crash'
[shell] worker 'crash' was killed: page fault (fault at 0x0); the session is unaffected
[shell] session: worker crashed (crash), commands served 4
[deskagent] worker 'crash' crashed (page fault)
[desk] focus: 'Terminal' (window 1)
[desk] shortcut Alt+Tab
[deskterm] $ status
[deskterm] no worker has run; the session has served 3 commands
[desk] focus: 'Files' (window 2)
[desk] shortcut Alt+Tab
[desk] focus: 'Agent Center' (window 3)
[desk] shortcut Alt+Tab
[kernel] spawn pid 8 'bin/uiworker': entry=0x400710, 21 pages mapped, quota 128 pages
[shell] started worker 'hang'
[shell] session: worker running (hang), commands served 19
[worker] job 'hang' starting
[worker] job 'hang' is wedged and never calls the kernel again
[deskagent] started 'hang'
[deskagent] worker 'hang' running
[kernel] pid 8 'bin/uiworker' killed (killed, addr 0x0)
[shell] worker 'hang' ended: stopped
[shell] session: worker stopped (hang), commands served 22
[deskagent] worker 'hang' stopped
[deskagent] Stop: worker 'hang' stopped (2 ms)
[desk] resized 'Agent Center' to 552x220
[desk] shortcut Alt+Shift+Right
[desk] moved 'Agent Center' to 20,542
[desk] shortcut Alt+Down
[desk] minimized 'Agent Center'
[desk] focus: 'Files' (window 2)
[desk] shortcut Super+M
[desk] workspace 2
[desk] shortcut Ctrl+Alt+Right
[desk] workspace 1
[desk] focus: 'Files' (window 2)
[desk] shortcut Ctrl+Alt+Left
[desk] high contrast on
[desk] shortcut Super+H
[desk] high contrast off
[desk] shortcut Super+H
[desk] asked 'Files' to close
[desk] shortcut Alt+F4
[kernel] pid 4 'bin/deskapps' exited with code 0
[desk] window 2 'Files' closed: the app closed its window
[desk] focus: 'Terminal' (window 1)
[desk] shutting down at the person's request
[desk] shortcut Ctrl+Alt+Delete
[shell] session closed after 44 commands
[kernel] pid 6 'bin/spaceshell' exited with code 0
[shell] session closed after 4 commands
[kernel] pid 3 'bin/spaceshell' exited with code 0
[kernel] pid 5 'bin/deskapps' exited with code 0
[kernel] pid 2 'bin/deskapps' exited with code 0
[desk] window 3 'Agent Center' closed: the app closed its window
[desk] window 1 'Terminal' closed: the app closed its window
[desk] closed after 83 frames
[kernel] shutdown requested by pid 1 'bin/spacedesk' with code 0 (uptime 12187 ms, 16675 context switches)
