BdsDxe: failed to load Boot0001 "UEFI Non-Block Boot Device" from PciRoot(0x0)/Pci(0x2,0x0): Not Found
BdsDxe: loading Boot0002 "UEFI QEMU HARDDISK QM00001 " from PciRoot(0x0)/Pci(0x1F,0x2)/Sata(0x0,0xFFFF,0x0)
BdsDxe: starting Boot0002 "UEFI QEMU HARDDISK QM00001 " from PciRoot(0x0)/Pci(0x1F,0x2)/Sata(0x0,0xFFFF,0x0)
spaceboot 0.1.0: Space OS UEFI bootloader
spaceboot: kernel 422664 bytes, initrd 4050432 bytes, config 73 bytes
spaceboot: kernel 3 segments, 412 KiB at phys 0x7d503000, entry 0xffffffff80128a8c
spaceboot: boot image 4050432 bytes, sha256 9f93593a3f46cc002c3a6817bf0aeb411aff6f84d5855a5eeaeba1986b96cb49
spaceboot: entropy: 32 bytes from the firmware's RNG protocol
spaceboot: linear map 8196 MiB of RAM below 0x280000000 at 0xffff800000000000 (device MMIO excluded), framebuffer 1280x800 @ 0x80000000
spaceboot: exiting boot services and jumping to kernel

spacekernel 0.1.0: Space OS kernel booting
[status] kernel alive
[kernel] gdt/tss loaded (IST stacks: double fault, NMI, debug, machine check)
[kernel] idt loaded (256 vectors)
[kernel] fpu: x87 and SSE per thread through FXSAVE, 512 bytes
[kernel] cpu: RDRAND absent
[kernel] boot info v3 accepted: 720 bytes, 41 memory regions, 7 reservations, initrd 4050432 bytes, cmdline 14 bytes, rsdp 0x7f77e014
[kernel]   reserved 0x7d503000..0x7d56a000 (412 KiB): kernel image
[kernel]   reserved 0x7d126000..0x7d503000 (3956 KiB): boot image
[kernel]   reserved 0x7e74f000..0x7e750000 (4 KiB): command line
[kernel]   reserved 0x7d116000..0x7d126000 (64 KiB): boot stack
[kernel]   reserved 0x7e748000..0x7e749000 (4 KiB): boot info
[kernel]   reserved 0x7d106000..0x7d116000 (64 KiB): memory map
[kernel]   reserved 0x7d0e0000..0x7d0f8000 (96 KiB): page tables
[kernel] boot image: sha256 9f93593a3f46cc002c3a6817bf0aeb411aff6f84d5855a5eeaeba1986b96cb49 as the bootloader measured it
[kernel] boot slot: normal; boots are not counted
[kernel] boot entropy: 32 bytes from the firmware's RNG protocol, mixed in and never counted as a source
[kernel] frames: 2094303 usable (8180 MiB), bitmap 320 KiB at 0x100000; reserved 12547 MiB, kernel 4 MiB, acpi 2 MiB, mmio 4 MiB
[kernel] paging: kernel PML4 at 0x6000; linear map 10 GiB at 0xffff800000000000; boot identity map dropped
[kernel] heap: 16 MiB at 0xffff900000000000
[kernel] kernel stacks: 4096 slots of 64 KiB (32 KiB mapped) at 0xffffa00000000000
[kernel] mmio window: 1024 MiB at 0xffffb00000000000
[kernel] memory: 8180 MiB usable, 8164 MiB free after kernel init
[kernel] boot context moved to a guarded kernel stack (top 0xffffa00000010000)
[kernel] framebuffer: 1280x800 (BGRX), text console 182x50
[kernel] cmdline: "selftest=stack"
[kernel] initrd: 4050432 bytes, 31 files
[kernel]   bin/init (508888 bytes)
[kernel]   bin/hello (21064 bytes)
[kernel]   bin/fault (25168 bytes)
[kernel]   bin/fpu (37520 bytes)
[kernel]   bin/abi_negative (53912 bytes)
[kernel]   bin/ipc_echo (21064 bytes)
[kernel]   bin/quota (25160 bytes)
[kernel]   bin/spin (21064 bytes)
[kernel]   bin/pingpong (21064 bytes)
[kernel]   bin/worker (29296 bytes)
[kernel]   bin/blocker (25176 bytes)
[kernel]   bin/spacecompute (49912 bytes)
[kernel]   bin/spaceai (74544 bytes)
[kernel]   bin/spaceshell (62200 bytes)
[kernel]   bin/uiworker (21064 bytes)
[kernel]   bin/spacebroker (53936 bytes)
[kernel]   bin/spaceagent (45776 bytes)
[kernel]   bin/spacelink (66264 bytes)
[kernel]   bin/spacepkg (49792 bytes)
[kernel]   bin/spaceterm (37560 bytes)
[kernel]   bin/spacenet (119504 bytes)
[kernel]   bin/tlsprobe (1074024 bytes)
[kernel]   bin/spacecloud (1184632 bytes)
[kernel]   bin/churn (25168 bytes)
[kernel]   bin/spacedesk (119536 bytes)
[kernel]   bin/deskapps (127728 bytes)
[kernel]   bin/spacerecovery (58056 bytes)
[kernel]   fixtures/bad_entry (21064 bytes)
[kernel]   fixtures/bad_magic (21064 bytes)
[kernel]   fixtures/truncated (600 bytes)
[kernel]   fixtures/huge_segment (21064 bytes)
[kernel] pci: 8 functions present
[kernel] virtio-blk: pci 00:02.0 queue size 16 (max 256), 8 data pages/request, writable with flush, status 0xf
[kernel] virtio-blk: ready, 64 MiB (131072 sectors)
[kernel] ahci: 00:1f.2 port 0: "QEMU HARDDISK", 64 MiB, AHCI 1.0
[kernel] block: virtio-blk 00:02.0 (64 MiB) holds the data volume (the whole disk)
[kernel] block: AHCI 00:1f.2 port 0 (64 MiB): MBR with 1 partition(s), none labelled SPACEDATA; not used
[kernel] virtio-net: pci 00:04.0 mac 52:54:00:12:34:56 (from device), 32 receive and 32 transmit buffers, link up, status 0xf
[kernel] virtio-rng: pci 00:03.0 queue size 4, status 0xf
[kernel] entropy: virtio-rng; boot entropy from the firmware mixed in, not counted
[kernel] vfs: FAT32 mounted from virtio-blk 00:02.0 (512 byte clusters, 64 MiB volume)
[kernel] vfs: volume is writable
[kernel] pic remapped to vectors 32..47
[kernel] console input: keyboard (IRQ1); no COM2 UART
[kernel] pit: 1000 Hz (divisor 1193)
[kernel] syscall/sysret enabled (ABI v0)
[kernel] clock: ACPI PM timer at 3579545 Hz, 24 bits
[kernel] scheduler: 1000 Hz tick, 10 ms quantum
[kernel] rtc: 1791261101 s since the Unix epoch (UTC)
[kernel] selftest: heap ok, frames ok, paging ok, address-space ok, input decoding ok
[kernel] selftest=stack: recursing on a guarded kernel stack until the guard page triggers a double fault

!!! CPU EXCEPTION IN KERNEL MODE: double fault !!!
  vector=8 (double fault) error=0x0 cr2=0x0
  rip=0xffffffff80118900 cs=0x8 rflags=0x46 rsp=0xffffa00000017ff0 ss=0x10
  rax=0x0000000000000047 rbx=0x000000000000001e rcx=0x0000000000000000 rdx=0x0000000000000200
  rsi=0xffffa000000181f0 rdi=0xffffa00000017ff0 rbp=0xffffa00000018400 r8 =0x0000000000000000
  r9 =0x0000000000000001 r10=0x000000000000a000 r11=0x0000000000000007 r12=0xffffa0000000ff30
  r13=0x0000000000000000 r14=0xffffa00000017ff0 r15=0x00000000001fe489

!!! KERNEL PANIC !!!
at kernel/src/arch/x86_64/trap.rs:214:5
message: unhandled kernel-mode double fault (vector 8)
current: idle on cpu 0
backtrace (frame pointers):
  #00 0xffffffff8013bc8c
  #01 0xffffffff80135393
  #02 0xffffffff8011b20f
spacekernel: halted after panic (uptime 0 ms)
