BdsDxe: failed to load Boot0001 "UEFI Non-Block Boot Device" from PciRoot(0x0)/Pci(0x2,0x0): Not Found
BdsDxe: loading Boot0002 "UEFI QEMU HARDDISK QM00001 " from PciRoot(0x0)/Pci(0x1F,0x2)/Sata(0x0,0xFFFF,0x0)
BdsDxe: starting Boot0002 "UEFI QEMU HARDDISK QM00001 " from PciRoot(0x0)/Pci(0x1F,0x2)/Sata(0x0,0xFFFF,0x0)
spaceboot 0.1.0: Space OS UEFI bootloader
spaceboot: kernel 422664 bytes, initrd 4070912 bytes, config 94 bytes
spaceboot: kernel 3 segments, 412 KiB at phys 0x7d501000, entry 0xffffffff80100000
spaceboot: boot image 4070912 bytes, sha256 aa06c608277d024809debd7615f719773d3e771eeac4c6e99435b5df41d05bfa
spaceboot: press R within 5 s for recovery
spaceboot: recovery (operator)
spaceboot: entropy: 32 bytes from the firmware's RNG protocol
spaceboot: linear map 8196 MiB of RAM below 0x280000000 at 0xffff800000000000 (device MMIO excluded), framebuffer 1280x800 @ 0x80000000
spaceboot: exiting boot services and jumping to kernel

spacekernel 0.1.0: Space OS kernel booting
[status] kernel alive
[kernel] gdt/tss loaded (IST stacks: double fault, NMI, debug, machine check)
[kernel] idt loaded (256 vectors)
[kernel] fpu: x87 and SSE per thread through FXSAVE, 512 bytes
[kernel] cpu: RDRAND absent
[kernel] boot info v3 accepted: 720 bytes, 39 memory regions, 7 reservations, initrd 4070912 bytes, cmdline 40 bytes, rsdp 0x7f77e014
[kernel]   reserved 0x7d501000..0x7d568000 (412 KiB): kernel image
[kernel]   reserved 0x7d11f000..0x7d501000 (3976 KiB): boot image
[kernel]   reserved 0x7e748000..0x7e749000 (4 KiB): command line
[kernel]   reserved 0x7d10f000..0x7d11f000 (64 KiB): boot stack
[kernel]   reserved 0x7d10e000..0x7d10f000 (4 KiB): boot info
[kernel]   reserved 0x7d0fe000..0x7d10e000 (64 KiB): memory map
[kernel]   reserved 0x7d0d8000..0x7d0f0000 (96 KiB): page tables
[kernel] boot image: sha256 aa06c608277d024809debd7615f719773d3e771eeac4c6e99435b5df41d05bfa as the bootloader measured it
[kernel] boot slot: recovery (operator); boots are not counted
[kernel] boot entropy: 32 bytes from the firmware's RNG protocol, mixed in and never counted as a source
[kernel] frames: 2094298 usable (8180 MiB), bitmap 320 KiB at 0x100000; reserved 12547 MiB, kernel 4 MiB, acpi 2 MiB, mmio 4 MiB
[kernel] paging: kernel PML4 at 0x6000; linear map 10 GiB at 0xffff800000000000; boot identity map dropped
[kernel] heap: 16 MiB at 0xffff900000000000
[kernel] kernel stacks: 4096 slots of 64 KiB (32 KiB mapped) at 0xffffa00000000000
[kernel] mmio window: 1024 MiB at 0xffffb00000000000
[kernel] memory: 8180 MiB usable, 8164 MiB free after kernel init
[kernel] boot context moved to a guarded kernel stack (top 0xffffa00000010000)
[kernel] framebuffer: 1280x800 (BGRX), text console 182x50
[kernel] cmdline: "init=bin/spacerecovery recovery=operator"
[kernel] initrd: 4070912 bytes, 31 files
[kernel]   bin/init (525272 bytes)
[kernel]   bin/hello (21064 bytes)
[kernel]   bin/fault (25168 bytes)
[kernel]   bin/fpu (37520 bytes)
[kernel]   bin/abi_negative (53912 bytes)
[kernel]   bin/ipc_echo (21064 bytes)
[kernel]   bin/quota (25160 bytes)
[kernel]   bin/spin (21064 bytes)
[kernel]   bin/pingpong (21064 bytes)
[kernel]   bin/worker (29296 bytes)
[kernel]   bin/blocker (25176 bytes)
[kernel]   bin/spacecompute (49912 bytes)
[kernel]   bin/spaceai (78640 bytes)
[kernel]   bin/spaceshell (62200 bytes)
[kernel]   bin/uiworker (21064 bytes)
[kernel]   bin/spacebroker (53936 bytes)
[kernel]   bin/spaceagent (45776 bytes)
[kernel]   bin/spacelink (66264 bytes)
[kernel]   bin/spacepkg (49792 bytes)
[kernel]   bin/spaceterm (37560 bytes)
[kernel]   bin/spacenet (119504 bytes)
[kernel]   bin/tlsprobe (1074024 bytes)
[kernel]   bin/spacecloud (1184632 bytes)
[kernel]   bin/churn (25168 bytes)
[kernel]   bin/spacedesk (119536 bytes)
[kernel]   bin/deskapps (127728 bytes)
[kernel]   bin/spacerecovery (58056 bytes)
[kernel]   fixtures/bad_entry (21064 bytes)
[kernel]   fixtures/bad_magic (21064 bytes)
[kernel]   fixtures/truncated (600 bytes)
[kernel]   fixtures/huge_segment (21064 bytes)
[kernel] pci: 8 functions present
[kernel] virtio-blk: pci 00:02.0 queue size 16 (max 256), 8 data pages/request, writable with flush, status 0xf
[kernel] virtio-blk: ready, 64 MiB (131072 sectors)
[kernel] ahci: 00:1f.2 port 0: "QEMU HARDDISK", 64 MiB, AHCI 1.0
[kernel] block: virtio-blk 00:02.0 (64 MiB) holds the data volume (the whole disk)
[kernel] block: AHCI 00:1f.2 port 0 (64 MiB): MBR with 1 partition(s), none labelled SPACEDATA; not used
[kernel] virtio-net: pci 00:04.0 mac 52:54:00:12:34:56 (from device), 32 receive and 32 transmit buffers, link up, status 0xf
[kernel] virtio-rng: pci 00:03.0 queue size 4, status 0xf
[kernel] entropy: virtio-rng; boot entropy from the firmware mixed in, not counted
[kernel] vfs: FAT32 mounted from virtio-blk 00:02.0 (512 byte clusters, 64 MiB volume)
[kernel] vfs: volume is writable
[kernel] pic remapped to vectors 32..47
[kernel] console input: keyboard (IRQ1); no COM2 UART
[kernel] pit: 1000 Hz (divisor 1193)
[kernel] syscall/sysret enabled (ABI v0)
[kernel] clock: ACPI PM timer at 3579545 Hz, 24 bits
[kernel] scheduler: 1000 Hz tick, 10 ms quantum
[kernel] rtc: 1791265689 s since the Unix epoch (UTC)
[kernel] selftest: heap ok, frames ok, paging ok, address-space ok, input decoding ok
[kernel] power: ACPI S5 through PM1a_CNT 0x604 (SLP_TYP 0)
[kernel] smp: 4 CPUs online (boot CPU local APIC 0; started 1 2 3), xAPIC APIC mode, AP timer 100 Hz (622780 counts)
[kernel] spawn pid 1 'bin/spacerecovery': entry=0x40429c, 30 pages mapped, quota 2048 pages
[kernel] init spawned as pid 1 from bin/spacerecovery
[kernel] entering idle loop; scheduler live
[status] user-space alive: pid 1 (bin/spacerecovery) made the first system call
[recovery] Space OS recovery console: no model, no network and no AI needed
[recovery] started because the operator asked for it at the boot menu
[recovery] ready; type 'help'
recovery> status
[recovery] cpus: 4
[recovery] memory: 8163 MiB free of 8180 MiB
[recovery] data volume: 64 MiB
[recovery] started because the operator asked for it at the boot menu
[recovery] the volume keeps no boot count
recovery> check
[recovery] check model: ok: /spaceos/model.slm: 460096 bytes, sha256 matches the manifest
[recovery] check packages: ok: the package store reads (225 bytes)
[recovery] check revocations: ok: 0 revoked document(s)
[recovery] check boots: ok
[recovery] check done: 0 problem(s)
recovery> files
[recovery]   ./
[recovery]   ../
[recovery]   MODEL.SLM (460096 bytes)
[recovery]   MANIFEST.TXT (134 bytes)
[recovery]   BASELINE.TXT (610 bytes)
[recovery]   BADMAGIC.SLM (460096 bytes)
[recovery]   BADDIMS.SLM (460096 bytes)
[recovery]   TRUNC.SLM (230048 bytes)
[recovery]   BITFLIP.SLM (460096 bytes)
[recovery]   VAR/
[recovery]   WS/
[recovery]   DOCS/
[recovery]   TLS/
[recovery]   CRED/
[recovery]   PKG/
[recovery] 15 entries in /spaceos
recovery> poweroff
[recovery] powering off
[kernel] shutdown requested by pid 1 'bin/spacerecovery' with code 0 (uptime 2709 ms, 243 context switches)
