BdsDxe: failed to load Boot0001 "UEFI Non-Block Boot Device" from PciRoot(0x0)/Pci(0x2,0x0): Not Found
BdsDxe: loading Boot0002 "UEFI QEMU HARDDISK QM00001 " from PciRoot(0x0)/Pci(0x1F,0x2)/Sata(0x0,0xFFFF,0x0)
BdsDxe: starting Boot0002 "UEFI QEMU HARDDISK QM00001 " from PciRoot(0x0)/Pci(0x1F,0x2)/Sata(0x0,0xFFFF,0x0)
spaceboot 0.1.0: Space OS UEFI bootloader
spaceboot: kernel 422664 bytes, initrd 4292608 bytes, config 86 bytes
spaceboot: kernel 3 segments, 412 KiB at phys 0x7d4c7000, entry 0xffffffff80100000
spaceboot: boot image 4292608 bytes, sha256 f217fcbabc9a75c0d1bb9eb5215ccd112201bd68757098fea866022a197d7b1d
spaceboot: 3 boot(s) since the system last came up
spaceboot: 3 boots in a row did not come up; starting recovery
spaceboot: recovery (failed-boots)
spaceboot: entropy: 32 bytes from the firmware's RNG protocol
spaceboot: linear map 8196 MiB of RAM below 0x280000000 at 0xffff800000000000 (device MMIO excluded), framebuffer 1280x800 @ 0x80000000
spaceboot: exiting boot services and jumping to kernel

spacekernel 0.1.0: Space OS kernel booting
[status] kernel alive
[kernel] gdt/tss loaded (IST stacks: double fault, NMI, debug, machine check)
[kernel] idt loaded (256 vectors)
[kernel] fpu: x87 and SSE per thread through FXSAVE, 512 bytes
[kernel] cpu: RDRAND absent
[kernel] boot info v3 accepted: 720 bytes, 39 memory regions, 7 reservations, initrd 4292608 bytes, cmdline 44 bytes, rsdp 0x7f77e014
[kernel]   reserved 0x7d4c7000..0x7d52e000 (412 KiB): kernel image
[kernel]   reserved 0x7d0af000..0x7d4c7000 (4192 KiB): boot image
[kernel]   reserved 0x7d0a3000..0x7d0a4000 (4 KiB): command line
[kernel]   reserved 0x7d093000..0x7d0a3000 (64 KiB): boot stack
[kernel]   reserved 0x7d092000..0x7d093000 (4 KiB): boot info
[kernel]   reserved 0x7d082000..0x7d092000 (64 KiB): memory map
[kernel]   reserved 0x7d05c000..0x7d074000 (96 KiB): page tables
[kernel] boot image: sha256 f217fcbabc9a75c0d1bb9eb5215ccd112201bd68757098fea866022a197d7b1d as the bootloader measured it
[kernel] boot slot: recovery (failed-boots); 3 boot(s) before this one did not come up
[kernel] boot entropy: 32 bytes from the firmware's RNG protocol, mixed in and never counted as a source
[kernel] frames: 2094244 usable (8180 MiB), bitmap 320 KiB at 0x100000; reserved 12547 MiB, kernel 4 MiB, acpi 2 MiB, mmio 4 MiB
[kernel] paging: kernel PML4 at 0x6000; linear map 10 GiB at 0xffff800000000000; boot identity map dropped
[kernel] heap: 16 MiB at 0xffff900000000000
[kernel] kernel stacks: 4096 slots of 64 KiB (32 KiB mapped) at 0xffffa00000000000
[kernel] mmio window: 1024 MiB at 0xffffb00000000000
[kernel] memory: 8180 MiB usable, 8164 MiB free after kernel init
[kernel] boot context moved to a guarded kernel stack (top 0xffffa00000010000)
[kernel] framebuffer: 1280x800 (BGRX), text console 182x50
[kernel] cmdline: "init=bin/spacerecovery recovery=failed-boots"
[kernel] initrd: 4292608 bytes, 34 files
[kernel]   bin/init (615392 bytes)
[kernel]   bin/hello (21064 bytes)
[kernel]   bin/fault (25168 bytes)
[kernel]   bin/fpu (37520 bytes)
[kernel]   bin/abi_negative (53912 bytes)
[kernel]   bin/ipc_echo (21064 bytes)
[kernel]   bin/quota (25160 bytes)
[kernel]   bin/spin (21064 bytes)
[kernel]   bin/pingpong (21064 bytes)
[kernel]   bin/worker (29296 bytes)
[kernel]   bin/blocker (25176 bytes)
[kernel]   bin/spacecompute (49912 bytes)
[kernel]   bin/spaceai (78640 bytes)
[kernel]   bin/spaceshell (62200 bytes)
[kernel]   bin/uiworker (21064 bytes)
[kernel]   bin/spacebroker (53936 bytes)
[kernel]   bin/spaceagent (45776 bytes)
[kernel]   bin/spacelink (66264 bytes)
[kernel]   bin/spacepkg (49792 bytes)
[kernel]   bin/spaceterm (37560 bytes)
[kernel]   bin/spacenet (119504 bytes)
[kernel]   bin/tlsprobe (1074024 bytes)
[kernel]   bin/spacecloud (1184632 bytes)
[kernel]   bin/churn (25168 bytes)
[kernel]   bin/sched (25160 bytes)
[kernel]   bin/spacetask (70320 bytes)
[kernel]   bin/taskworker (33448 bytes)
[kernel]   bin/spacedesk (119536 bytes)
[kernel]   bin/deskapps (127728 bytes)
[kernel]   bin/spacerecovery (58056 bytes)
[kernel]   fixtures/bad_entry (21064 bytes)
[kernel]   fixtures/bad_magic (21064 bytes)
[kernel]   fixtures/truncated (600 bytes)
[kernel]   fixtures/huge_segment (21064 bytes)
[kernel] pci: 8 functions present
[kernel] virtio-blk: pci 00:02.0 queue size 16 (max 256), 8 data pages/request, writable with flush, status 0xf
[kernel] virtio-blk: ready, 64 MiB (131072 sectors)
[kernel] ahci: 00:1f.2 port 0: "QEMU HARDDISK", 64 MiB, AHCI 1.0
[kernel] block: virtio-blk 00:02.0 (64 MiB) holds the data volume (the whole disk)
[kernel] block: AHCI 00:1f.2 port 0 (64 MiB): MBR with 1 partition(s), none labelled SPACEDATA; not used
[kernel] virtio-net: pci 00:04.0 mac 52:54:00:12:34:56 (from device), 32 receive and 32 transmit buffers, link up, status 0xf
[kernel] virtio-rng: pci 00:03.0 queue size 4, status 0xf
[kernel] entropy: virtio-rng; boot entropy from the firmware mixed in, not counted
[kernel] vfs: FAT32 mounted from virtio-blk 00:02.0 (512 byte clusters, 64 MiB volume)
[kernel] vfs: volume is writable
[kernel] pic remapped to vectors 32..47
[kernel] console input: keyboard (IRQ1) and COM2 serial (IRQ3)
[kernel] pit: 1000 Hz (divisor 1193)
[kernel] syscall/sysret enabled (ABI v0)
[kernel] clock: ACPI PM timer at 3579545 Hz, 24 bits
[kernel] scheduler: 1000 Hz tick, 10 ms quantum, 3 service classes (a class waits at most 100 ms)
[kernel] rtc: 1791297784 s since the Unix epoch (UTC)
[kernel] selftest: heap ok, frames ok, paging ok, address-space ok, input decoding ok
[kernel] power: ACPI S5 through PM1a_CNT 0x604 (SLP_TYP 0)
[kernel] smp: 4 CPUs online (boot CPU local APIC 0; started 1 2 3), xAPIC APIC mode, AP timer 100 Hz (627860 counts)
[kernel] spawn pid 1 'bin/spacerecovery': entry=0x403f48, 30 pages mapped, quota 2048 pages, interactive
[kernel] init spawned as pid 1 from bin/spacerecovery
[status] user-space alive: pid 1 (bin/spacerecovery) made the first system call
[kernel] entering idle loop; scheduler live
[recovery] Space OS recovery console: no model, no network and no AI needed
[recovery] started because the boots before this one did not come up
[recovery] ready; type 'help'
recovery> status
[recovery] cpus: 4
[recovery] memory: 8163 MiB free of 8180 MiB
[recovery] data volume: 64 MiB
[recovery] started because the boots before this one did not come up
[recovery] boots since the system last came up: 4
recovery> check
[recovery] check model: ok: /spaceos/model.slm: 460096 bytes, sha256 matches the manifest
[recovery] check packages: PROBLEM: /spaceos/var/pkgstore.dat: 20 bytes that are not a package store
[recovery] check revocations: ok: 0 revoked document(s)
[recovery] check boots: 4 boot(s) did not come up; 'boot normal' clears the count
[recovery] check done: 1 problem(s)
recovery> repair packages
[recovery] packages: /spaceos/var/pkgstore.dat emptied; the service starts clean next time
recovery> boot normal
[recovery] boot count cleared; the next boot is a normal one
recovery> check
[recovery] check model: ok: /spaceos/model.slm: 460096 bytes, sha256 matches the manifest
[recovery] check packages: ok: the package store is empty
[recovery] check revocations: ok: 0 revoked document(s)
[recovery] check boots: ok
[recovery] check done: 0 problem(s)
recovery> poweroff
[recovery] powering off
[kernel] shutdown requested by pid 1 'bin/spacerecovery' with code 0 (uptime 2658 ms, 221 context switches)
