BdsDxe: failed to load Boot0001 "UEFI Non-Block Boot Device" from PciRoot(0x0)/Pci(0x2,0x0): Not Found
BdsDxe: loading Boot0002 "UEFI QEMU HARDDISK QM00001 " from PciRoot(0x0)/Pci(0x1F,0x2)/Sata(0x0,0xFFFF,0x0)
BdsDxe: starting Boot0002 "UEFI QEMU HARDDISK QM00001 " from PciRoot(0x0)/Pci(0x1F,0x2)/Sata(0x0,0xFFFF,0x0)
spaceboot 0.1.0: Space OS UEFI bootloader
spaceboot: kernel 377600 bytes, initrd 3991552 bytes, config 77 bytes
spaceboot: kernel 3 segments, 368 KiB at phys 0x7d525000, entry 0xffffffff8012456c
spaceboot: linear map 8196 MiB of RAM below 0x280000000 at 0xffff800000000000 (device MMIO excluded), framebuffer 1280x800 @ 0x80000000
spaceboot: exiting boot services and jumping to kernel

spacekernel 0.1.0: Space OS kernel booting
[kernel] boot info ok: 38 memory regions, initrd 3991552 bytes, cmdline 18 bytes, rsdp 0x7f77e014
[kernel] gdt/tss loaded (IST stacks: double fault, NMI, debug, machine check)
[kernel] idt loaded (256 vectors)
[kernel] cpu: x87/SSE/AVX off for user space (no per-thread FPU state); RDRAND absent
[kernel] frames: 2094328 usable (8180 MiB), bitmap 320 KiB at 0x100000; reserved 12547 MiB, kernel 4 MiB, acpi 2 MiB, mmio 4 MiB
[kernel] paging: kernel PML4 at 0x6000; linear map 10 GiB at 0xffff800000000000; boot identity map dropped
[kernel] heap: 16 MiB at 0xffff900000000000
[kernel] kernel stacks: 4096 slots of 64 KiB (32 KiB mapped) at 0xffffa00000000000
[kernel] mmio window: 1024 MiB at 0xffffb00000000000
[kernel] memory: 8180 MiB usable, 8164 MiB free after kernel init
[kernel] boot context moved to a guarded kernel stack (top 0xffffa00000010000)
[kernel] framebuffer: 1280x800 (BGRX), text console 182x50
[kernel] cmdline: "init=bin/spaceterm"
[kernel] initrd: 3991552 bytes, 30 files
[kernel]   bin/init (504792 bytes)
[kernel]   bin/hello (21064 bytes)
[kernel]   bin/fault (25168 bytes)
[kernel]   bin/abi_negative (53912 bytes)
[kernel]   bin/ipc_echo (21064 bytes)
[kernel]   bin/quota (25160 bytes)
[kernel]   bin/spin (21064 bytes)
[kernel]   bin/pingpong (21064 bytes)
[kernel]   bin/worker (29296 bytes)
[kernel]   bin/blocker (25176 bytes)
[kernel]   bin/spacecompute (49912 bytes)
[kernel]   bin/spaceai (74544 bytes)
[kernel]   bin/spaceshell (49896 bytes)
[kernel]   bin/uiworker (21064 bytes)
[kernel]   bin/spacebroker (53936 bytes)
[kernel]   bin/spaceagent (45776 bytes)
[kernel]   bin/spacelink (66264 bytes)
[kernel]   bin/spacepkg (49792 bytes)
[kernel]   bin/spaceterm (37560 bytes)
[kernel]   bin/spacenet (119504 bytes)
[kernel]   bin/tlsprobe (1074024 bytes)
[kernel]   bin/spacecloud (1184632 bytes)
[kernel]   bin/churn (25168 bytes)
[kernel]   bin/spacedesk (115440 bytes)
[kernel]   bin/deskapps (127728 bytes)
[kernel]   bin/spacerecovery (58056 bytes)
[kernel]   fixtures/bad_entry (21064 bytes)
[kernel]   fixtures/bad_magic (21064 bytes)
[kernel]   fixtures/truncated (600 bytes)
[kernel]   fixtures/huge_segment (21064 bytes)
[kernel] pci: 8 functions present
[kernel] virtio-blk: pci 00:02.0 queue size 16 (max 256), 8 data pages/request, writable with flush, status 0xf
[kernel] virtio-blk: ready, 64 MiB (131072 sectors)
[kernel] ahci: 00:1f.2 port 0: "QEMU HARDDISK", 64 MiB, AHCI 1.0
[kernel] block: virtio-blk 00:02.0 (64 MiB) holds the data volume (the whole disk)
[kernel] block: AHCI 00:1f.2 port 0 (64 MiB): MBR with 1 partition(s), none labelled SPACEDATA; not used
[kernel] virtio-net: pci 00:04.0 mac 52:54:00:12:34:56 (from device), 32 receive and 32 transmit buffers, link up, status 0xf
[kernel] virtio-rng: pci 00:03.0 queue size 4, status 0xf
[kernel] entropy: virtio-rng
[kernel] vfs: FAT32 mounted from virtio-blk 00:02.0 (512 byte clusters, 64 MiB volume)
[kernel] vfs: volume is writable
[kernel] pic remapped to vectors 32..47
[kernel] console input: keyboard (IRQ1) and COM2 serial (IRQ3)
[kernel] pit: 1000 Hz (divisor 1193)
[kernel] syscall/sysret enabled (ABI v0)
[kernel] scheduler: 1000 Hz tick, 10 ms quantum
[kernel] rtc: 1791227978 s since the Unix epoch (UTC)
[kernel] selftest: heap ok, frames ok, paging ok, address-space ok, input decoding ok
[kernel] power: ACPI S5 through PM1a_CNT 0x604 (SLP_TYP 0)
[kernel] smp: 4 CPUs online (boot CPU local APIC 0; started 1 2 3), xAPIC APIC mode, AP timer 100 Hz (625360 counts)
[kernel] spawn pid 1 'bin/spaceterm': entry=0x400f3c, 25 pages mapped, quota 2048 pages
[kernel] init spawned as pid 1 from bin/spaceterm
[term] Space OS interactive session
[kernel] entering idle loop; scheduler live
[kernel] spawn pid 2 'bin/spaceshell': entry=0x4037fc, 28 pages mapped, quota 256 pages
[shell] Space OS session service, ABI v0
[shell] session open, ABI v0
[shell] session: worker idle (-), commands served 1
[shell] terminal ready on the console; type 'help'
space> helpp 
[shell] commands: help, status, ls [path], run <infer|ok|crash|hang|slow>, stop, quit
space> status
[shell] worker idle (-), last exit code 0, commands served 3
space> ls /spaceos
[shell] /spaceos: 14 entries
[shell]   .                   0 dir
[shell]   ..                  0 dir
[shell]   MODEL.SLM      460096 
[shell]   MANIFEST.TXT      134 
[shell]   BASELINE.TXT      610 
[shell]   BADMAGIC.SLM   460096 
[shell]   BADDIMS.SLM    460096 
[shell]   TRUNC.SLM      230048 
[shell]   VAR                 0 dir
[shell]   WS                  0 dir
[shell]   DOCS                0 dir
[shell]   TLS                 0 dir
[shell]   CRED                0 dir
[shell]   PKG                 0 dir
space> run hang
[kernel] spawn pid 3 'bin/uiworker': entry=0x4003c0, 21 pages mapped, quota 128 pages
[shell] started worker 'hang'
[worker] job 'hang' starting
[shell] session: worker running (hang), commands served 5
[worker] job 'hang' is wedged and never calls the kernel again
space> status
[shell] worker running (hang), last exit code 0, commands served 6
space> stop
[kernel] pid 3 'bin/uiworker' killed (killed, addr 0x0)
[shell] worker 'hang' ended: stopped
[shell] session: worker stopped (hang), commands served 7
[shell] Stop: worker 'hang' was killed after 14 ms
space> status
[shell] worker stopped (hang), last exit code -1, commands served 8
space> quit
[shell] closing the session
[shell] session closed after 9 commands
[kernel] pid 2 'bin/spaceshell' exited with code 0
[term] session ended: ExitStatus { kind: 0, code: 0, reason: 0, _pad: 0, fault_addr: 0 }
[kernel] shutdown requested by pid 1 'bin/spaceterm' with code 0 (uptime 3575 ms, 3432 context switches)
